2026-08-27T16:43:03.905Z	Initializing build environment...
2026-08-27T16:43:06.553Z	Success: Finished initializing build environment
2026-08-27T16:43:07.508Z	Cloning repository...
2026-08-27T16:43:13.835Z	Detected the following tools from environment: npm@10.9.2, nodejs@24.18.0
2026-08-27T16:43:13.839Z	Restoring from dependencies cache
2026-08-27T16:43:13.843Z	Restoring from build output cache
2026-08-27T16:43:14.028Z	Installing project dependencies: npm clean-install --progress=false
2026-08-27T16:43:03.905Z	Initializing build environment...
2026-08-27T16:43:06.553Z	Success: Finished initializing build environment
2026-08-27T16:43:07.508Z	Cloning repository...
2026-08-27T16:43:13.835Z	Detected the following tools from environment: npm@10.9.2, nodejs@24.18.0
2026-08-27T16:43:13.839Z	Restoring from dependencies cache
2026-08-27T16:43:13.843Z	Restoring from build output cache
2026-08-27T16:43:14.028Z	Installing project dependencies: npm clean-install --progress=false
2026-08-27T17:02:46.139Z	
2026-08-27T17:02:46.141Z	added 2322 packages, and audited 2323 packages in 19m
2026-08-27T17:02:46.141Z	
2026-08-27T17:02:46.141Z	369 packages are looking for funding
2026-08-27T17:02:46.141Z	  run `npm fund` for details
2026-08-27T17:02:51.375Z	
2026-08-27T17:02:51.375Z	115 vulnerabilities (9 low, 82 moderate, 19 high, 5 critical)
2026-08-27T17:02:51.375Z	
2026-08-27T17:02:51.375Z	To address issues that do not require attention, run:
2026-08-27T17:02:51.375Z	  npm audit fix
2026-08-27T17:02:51.375Z	
2026-08-27T17:02:51.375Z	To address all issues (including breaking changes), run:
2026-08-27T17:02:51.375Z	  npm audit fix --force
2026-08-27T17:02:51.375Z	
2026-08-27T17:02:51.375Z	Run `npm audit` for details.
2026-08-27T17:02:52.009Z	Executing user build command: npm run cf:build
2026-08-27T17:02:53.464Z	
2026-08-27T17:02:53.465Z	> seriescalc@0.1.0 cf:build
2026-08-27T17:02:53.465Z	> npx @opennextjs/cloudflare build
2026-08-27T17:02:53.465Z	
2026-08-27T17:03:03.447Z	
2026-08-27T17:03:03.449Z	┌─────────────────────────────┐
2026-08-27T17:03:03.449Z	│ OpenNext — Cloudflare build │
2026-08-27T17:03:03.449Z	└─────────────────────────────┘
2026-08-27T17:03:03.449Z	
2026-08-27T17:03:03.829Z	App directory: /opt/buildhome/repo
2026-08-27T17:03:03.829Z	Next.js version : 14.2.5
2026-08-27T17:03:03.829Z	@opennextjs/cloudflare version: 1.10.0
2026-08-27T17:03:03.830Z	@opennextjs/aws version: 3.8.2
2026-08-27T17:03:03.835Z	
2026-08-27T17:03:03.835Z	┌─────────────────────────────────┐
2026-08-27T17:03:03.836Z	│ OpenNext — Building Next.js app │
2026-08-27T17:03:03.836Z	└─────────────────────────────────┘
2026-08-27T17:03:03.836Z	
2026-08-27T17:03:04.221Z	
2026-08-27T17:03:04.224Z	> seriescalc@0.1.0 build
2026-08-27T17:03:04.224Z	> next build
2026-08-27T17:03:04.224Z	
2026-08-27T17:03:08.446Z	⚠ No build cache found. Please configure build caching for faster rebuilds. Read more: https://nextjs.org/docs/messages/no-cache
2026-08-27T17:03:08.456Z	Attention: Next.js now collects completely anonymous telemetry regarding usage.
2026-08-27T17:03:08.456Z	This information is used to shape Next.js' roadmap and prioritize features.
2026-08-27T17:03:08.456Z	You can learn more, including how to opt-out if you'd not like to participate in this anonymous program, by visiting the following URL:
2026-08-27T17:03:08.456Z	https://nextjs.org/telemetry
2026-08-27T17:03:08.456Z	
2026-08-27T17:03:08.657Z	  ▲ Next.js 14.2.5
2026-08-27T17:03:08.657Z	
2026-08-27T17:03:08.970Z	   Creating an optimized production build ...
2026-08-27T17:04:19.368Z	Browserslist: browsers data (caniuse-lite) is 9 months old. Please run:
2026-08-27T17:04:19.368Z	  npx update-browserslist-db@latest
2026-08-27T17:04:19.368Z	  Why you should do it regularly: https://github.com/browserslist/update-db#readme
2026-08-27T17:04:22.719Z	Found 2 warnings while optimizing generated CSS:
2026-08-27T17:04:22.719Z	
2026-08-27T17:04:22.719Z	Issue #1:
2026-08-27T17:04:22.720Z	│   background-color: var(--jd-color-background-button-hover);
2026-08-27T17:04:22.721Z	│ }
2026-08-27T17:04:22.721Z	│ .jodit-file-browser-tree__item:hover-title {
2026-08-27T17:04:22.721Z	┆                                ^-- 'hover-title' is not recognized as a valid pseudo-class. Did you mean '::hover-title' (pseudo-element) or is this a typo?
2026-08-27T17:04:22.721Z	┆
2026-08-27T17:04:22.721Z	│   color: var(--jd-color-text);
2026-08-27T17:04:22.724Z	│ }
2026-08-27T17:04:22.725Z	
2026-08-27T17:04:22.725Z	Issue #2:
2026-08-27T17:04:22.725Z	│   display: block;
2026-08-27T17:04:22.726Z	│ }
2026-08-27T17:04:22.726Z	│ ::highlight(jodit-search-result),[jd-tmp-selection] {
2026-08-27T17:04:22.726Z	┆             ^-- 'highlight' is not recognized as a valid pseudo-element. Did you mean ':highlight' (pseudo-class) or is this a typo?
2026-08-27T17:04:22.726Z	┆
2026-08-27T17:04:22.726Z	│   background-color: var(--jd-color-background-selection);
2026-08-27T17:04:22.726Z	│   color: var(--jd-color-text-selection);
2026-08-27T17:04:22.726Z	
2026-08-27T17:04:46.111Z	Browserslist: caniuse-lite is outdated. Please run:
2026-08-27T17:04:46.111Z	  npx update-browserslist-db@latest
2026-08-27T17:04:46.111Z	  Why you should do it regularly: https://github.com/browserslist/update-db#readme
2026-08-27T17:05:06.966Z	 ✓ Compiled successfully
2026-08-27T17:05:06.967Z	   Skipping linting
2026-08-27T17:05:06.967Z	   Checking validity of types ...
2026-08-27T17:06:12.213Z	   Collecting page data ...
2026-08-27T17:06:19.435Z	   Generating static pages (0/392) ...
2026-08-27T17:06:31.744Z	   Generating static pages (98/392) 
2026-08-27T17:06:32.230Z	Number of available chemicals: 0
2026-08-27T17:06:32.230Z	Number of available chemicals: 0
2026-08-27T17:06:38.901Z	   Generating static pages (196/392) 
2026-08-27T17:06:39.059Z	LaTeX-incompatible input and strict mode is set to 'warn': Unicode text character "세" used in math mode [unicodeTextInMathMode]
2026-08-27T17:06:39.060Z	LaTeX-incompatible input and strict mode is set to 'warn': Unicode text character "액" used in math mode [unicodeTextInMathMode]
2026-08-27T17:06:39.060Z	LaTeX-incompatible input and strict mode is set to 'warn': Unicode text character "취" used in math mode [unicodeTextInMathMode]
2026-08-27T17:06:39.060Z	LaTeX-incompatible input and strict mode is set to 'warn': Unicode text character "득" used in math mode [unicodeTextInMathMode]
2026-08-27T17:06:39.060Z	LaTeX-incompatible input and strict mode is set to 'warn': Unicode text character "가" used in math mode [unicodeTextInMathMode]
2026-08-27T17:06:39.060Z	LaTeX-incompatible input and strict mode is set to 'warn': Unicode text character "액" used in math mode [unicodeTextInMathMode]
2026-08-27T17:06:39.060Z	LaTeX-incompatible input and strict mode is set to 'warn': Unicode text character "세" used in math mode [unicodeTextInMathMode]
2026-08-27T17:06:39.060Z	LaTeX-incompatible input and strict mode is set to 'warn': Unicode text character "율" used in math mode [unicodeTextInMathMode]
2026-08-27T17:06:39.060Z	LaTeX-incompatible input and strict mode is set to 'warn': Unicode text character "지" used in math mode [unicodeTextInMathMode]
2026-08-27T17:06:39.061Z	LaTeX-incompatible input and strict mode is set to 'warn': Unicode text character "방" used in math mode [unicodeTextInMathMode]
2026-08-27T17:06:39.061Z	LaTeX-incompatible input and strict mode is set to 'warn': Unicode text character "교" used in math mode [unicodeTextInMathMode]
2026-08-27T17:06:39.061Z	LaTeX-incompatible input and strict mode is set to 'warn': Unicode text character "육" used in math mode [unicodeTextInMathMode]
2026-08-27T17:06:39.061Z	LaTeX-incompatible input and strict mode is set to 'warn': Unicode text character "세" used in math mode [unicodeTextInMathMode]
2026-08-27T17:06:39.061Z	LaTeX-incompatible input and strict mode is set to 'warn': Unicode text character "세" used in math mode [unicodeTextInMathMode]
2026-08-27T17:06:39.061Z	LaTeX-incompatible input and strict mode is set to 'warn': Unicode text character "액" used in math mode [unicodeTextInMathMode]
2026-08-27T17:06:39.062Z	LaTeX-incompatible input and strict mode is set to 'warn': Unicode text character "취" used in math mode [unicodeTextInMathMode]
2026-08-27T17:06:39.062Z	LaTeX-incompatible input and strict mode is set to 'warn': Unicode text character "득" used in math mode [unicodeTextInMathMode]
2026-08-27T17:06:39.062Z	LaTeX-incompatible input and strict mode is set to 'warn': Unicode text character "가" used in math mode [unicodeTextInMathMode]
2026-08-27T17:06:39.063Z	LaTeX-incompatible input and strict mode is set to 'warn': Unicode text character "액" used in math mode [unicodeTextInMathMode]
2026-08-27T17:06:39.063Z	LaTeX-incompatible input and strict mode is set to 'warn': Unicode text character "세" used in math mode [unicodeTextInMathMode]
2026-08-27T17:06:39.063Z	LaTeX-incompatible input and strict mode is set to 'warn': Unicode text character "율" used in math mode [unicodeTextInMathMode]
2026-08-27T17:06:39.063Z	LaTeX-incompatible input and strict mode is set to 'warn': Unicode text character "지" used in math mode [unicodeTextInMathMode]
2026-08-27T17:06:39.063Z	LaTeX-incompatible input and strict mode is set to 'warn': Unicode text character "방" used in math mode [unicodeTextInMathMode]
2026-08-27T17:06:39.063Z	LaTeX-incompatible input and strict mode is set to 'warn': Unicode text character "교" used in math mode [unicodeTextInMathMode]
2026-08-27T17:06:39.063Z	LaTeX-incompatible input and strict mode is set to 'warn': Unicode text character "육" used in math mode [unicodeTextInMathMode]
2026-08-27T17:06:39.063Z	LaTeX-incompatible input and strict mode is set to 'warn': Unicode text character "세" used in math mode [unicodeTextInMathMode]
2026-08-27T17:06:39.063Z	LaTeX-incompatible input and strict mode is set to 'warn': Unicode text character "세" used in math mode [unicodeTextInMathMode]
2026-08-27T17:06:39.063Z	LaTeX-incompatible input and strict mode is set to 'warn': Unicode text character "액" used in math mode [unicodeTextInMathMode]
2026-08-27T17:06:39.063Z	LaTeX-incompatible input and strict mode is set to 'warn': Unicode text character "취" used in math mode [unicodeTextInMathMode]
2026-08-27T17:06:39.063Z	LaTeX-incompatible input and strict mode is set to 'warn': Unicode text character "득" used in math mode [unicodeTextInMathMode]
2026-08-27T17:06:39.063Z	LaTeX-incompatible input and strict mode is set to 'warn': Unicode text character "가" used in math mode [unicodeTextInMathMode]
2026-08-27T17:06:39.063Z	LaTeX-incompatible input and strict mode is set to 'warn': Unicode text character "액" used in math mode [unicodeTextInMathMode]
2026-08-27T17:06:39.063Z	LaTeX-incompatible input and strict mode is set to 'warn': Unicode text character "세" used in math mode [unicodeTextInMathMode]
2026-08-27T17:06:39.064Z	LaTeX-incompatible input and strict mode is set to 'warn': Unicode text character "율" used in math mode [unicodeTextInMathMode]
2026-08-27T17:06:39.064Z	LaTeX-incompatible input and strict mode is set to 'warn': Unicode text character "지" used in math mode [unicodeTextInMathMode]
2026-08-27T17:06:39.064Z	LaTeX-incompatible input and strict mode is set to 'warn': Unicode text character "방" used in math mode [unicodeTextInMathMode]
2026-08-27T17:06:39.064Z	LaTeX-incompatible input and strict mode is set to 'warn': Unicode text character "교" used in math mode [unicodeTextInMathMode]
2026-08-27T17:06:39.064Z	LaTeX-incompatible input and strict mode is set to 'warn': Unicode text character "육" used in math mode [unicodeTextInMathMode]
2026-08-27T17:06:39.064Z	LaTeX-incompatible input and strict mode is set to 'warn': Unicode text character "세" used in math mode [unicodeTextInMathMode]
2026-08-27T17:06:39.064Z	LaTeX-incompatible input and strict mode is set to 'warn': Unicode text character "세" used in math mode [unicodeTextInMathMode]
2026-08-27T17:06:39.064Z	LaTeX-incompatible input and strict mode is set to 'warn': Unicode text character "액" used in math mode [unicodeTextInMathMode]
2026-08-27T17:06:39.064Z	LaTeX-incompatible input and strict mode is set to 'warn': Unicode text character "취" used in math mode [unicodeTextInMathMode]
2026-08-27T17:06:39.064Z	LaTeX-incompatible input and strict mode is set to 'warn': Unicode text character "득" used in math mode [unicodeTextInMathMode]
2026-08-27T17:06:39.064Z	LaTeX-incompatible input and strict mode is set to 'warn': Unicode text character "가" used in math mode [unicodeTextInMathMode]
2026-08-27T17:06:39.064Z	LaTeX-incompatible input and strict mode is set to 'warn': Unicode text character "액" used in math mode [unicodeTextInMathMode]
2026-08-27T17:06:39.064Z	LaTeX-incompatible input and strict mode is set to 'warn': Unicode text character "세" used in math mode [unicodeTextInMathMode]
2026-08-27T17:06:39.064Z	LaTeX-incompatible input and strict mode is set to 'warn': Unicode text character "율" used in math mode [unicodeTextInMathMode]
2026-08-27T17:06:39.064Z	LaTeX-incompatible input and strict mode is set to 'warn': Unicode text character "지" used in math mode [unicodeTextInMathMode]
2026-08-27T17:06:39.064Z	LaTeX-incompatible input and strict mode is set to 'warn': Unicode text character "방" used in math mode [unicodeTextInMathMode]
2026-08-27T17:06:39.064Z	LaTeX-incompatible input and strict mode is set to 'warn': Unicode text character "교" used in math mode [unicodeTextInMathMode]
2026-08-27T17:06:39.064Z	LaTeX-incompatible input and strict mode is set to 'warn': Unicode text character "육" used in math mode [unicodeTextInMathMode]
2026-08-27T17:06:39.065Z	LaTeX-incompatible input and strict mode is set to 'warn': Unicode text character "세" used in math mode [unicodeTextInMathMode]
2026-08-27T17:06:42.030Z	LaTeX-incompatible input and strict mode is set to 'warn': Unicode text character "세" used in math mode [unicodeTextInMathMode]
2026-08-27T17:06:42.031Z	LaTeX-incompatible input and strict mode is set to 'warn': Unicode text character "금" used in math mode [unicodeTextInMathMode]
2026-08-27T17:06:42.031Z	LaTeX-incompatible input and strict mode is set to 'warn': Unicode text character "이" used in math mode [unicodeTextInMathMode]
2026-08-27T17:06:42.031Z	LaTeX-incompatible input and strict mode is set to 'warn': Unicode text character "자" used in math mode [unicodeTextInMathMode]
2026-08-27T17:06:42.031Z	LaTeX-incompatible input and strict mode is set to 'warn': Unicode text character "비" used in math mode [unicodeTextInMathMode]
2026-08-27T17:06:42.031Z	LaTeX-incompatible input and strict mode is set to 'warn': Unicode text character "과" used in math mode [unicodeTextInMathMode]
2026-08-27T17:06:42.032Z	LaTeX-incompatible input and strict mode is set to 'warn': Unicode text character "세" used in math mode [unicodeTextInMathMode]
2026-08-27T17:06:42.032Z	LaTeX-incompatible input and strict mode is set to 'warn': Unicode text character "한" used in math mode [unicodeTextInMathMode]
2026-08-27T17:06:42.032Z	LaTeX-incompatible input and strict mode is set to 'warn': Unicode text character "도" used in math mode [unicodeTextInMathMode]
2026-08-27T17:06:42.032Z	LaTeX-incompatible input and strict mode is set to 'warn': Unicode text character "세" used in math mode [unicodeTextInMathMode]
2026-08-27T17:06:42.032Z	LaTeX-incompatible input and strict mode is set to 'warn': Unicode text character "금" used in math mode [unicodeTextInMathMode]
2026-08-27T17:06:42.034Z	LaTeX-incompatible input and strict mode is set to 'warn': Unicode text character "이" used in math mode [unicodeTextInMathMode]
2026-08-27T17:06:42.036Z	LaTeX-incompatible input and strict mode is set to 'warn': Unicode text character "자" used in math mode [unicodeTextInMathMode]
2026-08-27T17:06:42.036Z	LaTeX-incompatible input and strict mode is set to 'warn': Unicode text character "비" used in math mode [unicodeTextInMathMode]
2026-08-27T17:06:42.036Z	LaTeX-incompatible input and strict mode is set to 'warn': Unicode text character "과" used in math mode [unicodeTextInMathMode]
2026-08-27T17:06:42.036Z	LaTeX-incompatible input and strict mode is set to 'warn': Unicode text character "세" used in math mode [unicodeTextInMathMode]
2026-08-27T17:06:42.036Z	LaTeX-incompatible input and strict mode is set to 'warn': Unicode text character "한" used in math mode [unicodeTextInMathMode]
2026-08-27T17:06:42.036Z	LaTeX-incompatible input and strict mode is set to 'warn': Unicode text character "도" used in math mode [unicodeTextInMathMode]
2026-08-27T17:06:42.088Z	LaTeX-incompatible input and strict mode is set to 'warn': Unicode text character "세" used in math mode [unicodeTextInMathMode]
2026-08-27T17:06:42.088Z	LaTeX-incompatible input and strict mode is set to 'warn': Unicode text character "금" used in math mode [unicodeTextInMathMode]
2026-08-27T17:06:42.088Z	LaTeX-incompatible input and strict mode is set to 'warn': Unicode text character "이" used in math mode [unicodeTextInMathMode]
2026-08-27T17:06:42.088Z	LaTeX-incompatible input and strict mode is set to 'warn': Unicode text character "자" used in math mode [unicodeTextInMathMode]
2026-08-27T17:06:42.088Z	LaTeX-incompatible input and strict mode is set to 'warn': Unicode text character "비" used in math mode [unicodeTextInMathMode]
2026-08-27T17:06:42.088Z	LaTeX-incompatible input and strict mode is set to 'warn': Unicode text character "과" used in math mode [unicodeTextInMathMode]
2026-08-27T17:06:42.088Z	LaTeX-incompatible input and strict mode is set to 'warn': Unicode text character "세" used in math mode [unicodeTextInMathMode]
2026-08-27T17:06:42.089Z	LaTeX-incompatible input and strict mode is set to 'warn': Unicode text character "한" used in math mode [unicodeTextInMathMode]
2026-08-27T17:06:42.093Z	LaTeX-incompatible input and strict mode is set to 'warn': Unicode text character "도" used in math mode [unicodeTextInMathMode]
2026-08-27T17:06:42.093Z	LaTeX-incompatible input and strict mode is set to 'warn': Unicode text character "세" used in math mode [unicodeTextInMathMode]
2026-08-27T17:06:42.093Z	LaTeX-incompatible input and strict mode is set to 'warn': Unicode text character "금" used in math mode [unicodeTextInMathMode]
2026-08-27T17:06:42.093Z	LaTeX-incompatible input and strict mode is set to 'warn': Unicode text character "이" used in math mode [unicodeTextInMathMode]
2026-08-27T17:06:42.093Z	LaTeX-incompatible input and strict mode is set to 'warn': Unicode text character "자" used in math mode [unicodeTextInMathMode]
2026-08-27T17:06:42.093Z	LaTeX-incompatible input and strict mode is set to 'warn': Unicode text character "비" used in math mode [unicodeTextInMathMode]
2026-08-27T17:06:42.093Z	LaTeX-incompatible input and strict mode is set to 'warn': Unicode text character "과" used in math mode [unicodeTextInMathMode]
2026-08-27T17:06:42.093Z	LaTeX-incompatible input and strict mode is set to 'warn': Unicode text character "세" used in math mode [unicodeTextInMathMode]
2026-08-27T17:06:42.093Z	LaTeX-incompatible input and strict mode is set to 'warn': Unicode text character "한" used in math mode [unicodeTextInMathMode]
2026-08-27T17:06:42.093Z	LaTeX-incompatible input and strict mode is set to 'warn': Unicode text character "도" used in math mode [unicodeTextInMathMode]
2026-08-27T17:06:42.502Z	LaTeX-incompatible input and strict mode is set to 'warn': Unicode text character "전" used in math mode [unicodeTextInMathMode]
2026-08-27T17:06:42.502Z	LaTeX-incompatible input and strict mode is set to 'warn': Unicode text character "세" used in math mode [unicodeTextInMathMode]
2026-08-27T17:06:42.502Z	LaTeX-incompatible input and strict mode is set to 'warn': Unicode text character "비" used in math mode [unicodeTextInMathMode]
2026-08-27T17:06:42.502Z	LaTeX-incompatible input and strict mode is set to 'warn': Unicode text character "용" used in math mode [unicodeTextInMathMode]
2026-08-27T17:06:42.502Z	LaTeX-incompatible input and strict mode is set to 'warn': Unicode text character "보" used in math mode [unicodeTextInMathMode]
2026-08-27T17:06:42.502Z	LaTeX-incompatible input and strict mode is set to 'warn': Unicode text character "증" used in math mode [unicodeTextInMathMode]
2026-08-27T17:06:42.503Z	LaTeX-incompatible input and strict mode is set to 'warn': Unicode text character "금" used in math mode [unicodeTextInMathMode]
2026-08-27T17:06:42.503Z	LaTeX-incompatible input and strict mode is set to 'warn': Unicode text character "월" used in math mode [unicodeTextInMathMode]
2026-08-27T17:06:42.503Z	LaTeX-incompatible input and strict mode is set to 'warn': Unicode text character "세" used in math mode [unicodeTextInMathMode]
2026-08-27T17:06:42.503Z	LaTeX-incompatible input and strict mode is set to 'warn': Unicode text character "비" used in math mode [unicodeTextInMathMode]
2026-08-27T17:06:42.503Z	LaTeX-incompatible input and strict mode is set to 'warn': Unicode text character "용" used in math mode [unicodeTextInMathMode]
2026-08-27T17:06:42.503Z	LaTeX-incompatible input and strict mode is set to 'warn': Unicode text character "월" used in math mode [unicodeTextInMathMode]
2026-08-27T17:06:42.503Z	LaTeX-incompatible input and strict mode is set to 'warn': Unicode text character "세" used in math mode [unicodeTextInMathMode]
2026-08-27T17:06:42.503Z	LaTeX-incompatible input and strict mode is set to 'warn': Unicode text character "전" used in math mode [unicodeTextInMathMode]
2026-08-27T17:06:42.503Z	LaTeX-incompatible input and strict mode is set to 'warn': Unicode text character "세" used in math mode [unicodeTextInMathMode]
2026-08-27T17:06:42.503Z	LaTeX-incompatible input and strict mode is set to 'warn': Unicode text character "비" used in math mode [unicodeTextInMathMode]
2026-08-27T17:06:42.503Z	LaTeX-incompatible input and strict mode is set to 'warn': Unicode text character "용" used in math mode [unicodeTextInMathMode]
2026-08-27T17:06:42.503Z	LaTeX-incompatible input and strict mode is set to 'warn': Unicode text character "보" used in math mode [unicodeTextInMathMode]
2026-08-27T17:06:42.503Z	LaTeX-incompatible input and strict mode is set to 'warn': Unicode text character "증" used in math mode [unicodeTextInMathMode]
2026-08-27T17:06:42.503Z	LaTeX-incompatible input and strict mode is set to 'warn': Unicode text character "금" used in math mode [unicodeTextInMathMode]
2026-08-27T17:06:42.504Z	LaTeX-incompatible input and strict mode is set to 'warn': Unicode text character "월" used in math mode [unicodeTextInMathMode]
2026-08-27T17:06:42.504Z	LaTeX-incompatible input and strict mode is set to 'warn': Unicode text character "세" used in math mode [unicodeTextInMathMode]
2026-08-27T17:06:42.504Z	LaTeX-incompatible input and strict mode is set to 'warn': Unicode text character "비" used in math mode [unicodeTextInMathMode]
2026-08-27T17:06:42.504Z	LaTeX-incompatible input and strict mode is set to 'warn': Unicode text character "용" used in math mode [unicodeTextInMathMode]
2026-08-27T17:06:42.504Z	LaTeX-incompatible input and strict mode is set to 'warn': Unicode text character "월" used in math mode [unicodeTextInMathMode]
2026-08-27T17:06:42.504Z	LaTeX-incompatible input and strict mode is set to 'warn': Unicode text character "세" used in math mode [unicodeTextInMathMode]
2026-08-27T17:06:42.535Z	LaTeX-incompatible input and strict mode is set to 'warn': Unicode text character "전" used in math mode [unicodeTextInMathMode]
2026-08-27T17:06:42.535Z	LaTeX-incompatible input and strict mode is set to 'warn': Unicode text character "세" used in math mode [unicodeTextInMathMode]
2026-08-27T17:06:42.536Z	LaTeX-incompatible input and strict mode is set to 'warn': Unicode text character "비" used in math mode [unicodeTextInMathMode]
2026-08-27T17:06:42.536Z	LaTeX-incompatible input and strict mode is set to 'warn': Unicode text character "용" used in math mode [unicodeTextInMathMode]
2026-08-27T17:06:42.536Z	LaTeX-incompatible input and strict mode is set to 'warn': Unicode text character "보" used in math mode [unicodeTextInMathMode]
2026-08-27T17:06:42.536Z	LaTeX-incompatible input and strict mode is set to 'warn': Unicode text character "증" used in math mode [unicodeTextInMathMode]
2026-08-27T17:06:42.536Z	LaTeX-incompatible input and strict mode is set to 'warn': Unicode text character "금" used in math mode [unicodeTextInMathMode]
2026-08-27T17:06:42.537Z	LaTeX-incompatible input and strict mode is set to 'warn': Unicode text character "월" used in math mode [unicodeTextInMathMode]
2026-08-27T17:06:42.537Z	LaTeX-incompatible input and strict mode is set to 'warn': Unicode text character "세" used in math mode [unicodeTextInMathMode]
2026-08-27T17:06:42.537Z	LaTeX-incompatible input and strict mode is set to 'warn': Unicode text character "비" used in math mode [unicodeTextInMathMode]
2026-08-27T17:06:42.537Z	LaTeX-incompatible input and strict mode is set to 'warn': Unicode text character "용" used in math mode [unicodeTextInMathMode]
2026-08-27T17:06:42.537Z	LaTeX-incompatible input and strict mode is set to 'warn': Unicode text character "월" used in math mode [unicodeTextInMathMode]
2026-08-27T17:06:42.537Z	LaTeX-incompatible input and strict mode is set to 'warn': Unicode text character "세" used in math mode [unicodeTextInMathMode]
2026-08-27T17:06:42.537Z	LaTeX-incompatible input and strict mode is set to 'warn': Unicode text character "전" used in math mode [unicodeTextInMathMode]
2026-08-27T17:06:42.537Z	LaTeX-incompatible input and strict mode is set to 'warn': Unicode text character "세" used in math mode [unicodeTextInMathMode]
2026-08-27T17:06:42.538Z	LaTeX-incompatible input and strict mode is set to 'warn': Unicode text character "비" used in math mode [unicodeTextInMathMode]
2026-08-27T17:06:42.538Z	LaTeX-incompatible input and strict mode is set to 'warn': Unicode text character "용" used in math mode [unicodeTextInMathMode]
2026-08-27T17:06:42.538Z	LaTeX-incompatible input and strict mode is set to 'warn': Unicode text character "보" used in math mode [unicodeTextInMathMode]
2026-08-27T17:06:42.538Z	LaTeX-incompatible input and strict mode is set to 'warn': Unicode text character "증" used in math mode [unicodeTextInMathMode]
2026-08-27T17:06:42.538Z	LaTeX-incompatible input and strict mode is set to 'warn': Unicode text character "금" used in math mode [unicodeTextInMathMode]
2026-08-27T17:06:42.538Z	LaTeX-incompatible input and strict mode is set to 'warn': Unicode text character "월" used in math mode [unicodeTextInMathMode]
2026-08-27T17:06:42.538Z	LaTeX-incompatible input and strict mode is set to 'warn': Unicode text character "세" used in math mode [unicodeTextInMathMode]
2026-08-27T17:06:42.538Z	LaTeX-incompatible input and strict mode is set to 'warn': Unicode text character "비" used in math mode [unicodeTextInMathMode]
2026-08-27T17:06:42.538Z	LaTeX-incompatible input and strict mode is set to 'warn': Unicode text character "용" used in math mode [unicodeTextInMathMode]
2026-08-27T17:06:42.538Z	LaTeX-incompatible input and strict mode is set to 'warn': Unicode text character "월" used in math mode [unicodeTextInMathMode]
2026-08-27T17:06:42.538Z	LaTeX-incompatible input and strict mode is set to 'warn': Unicode text character "세" used in math mode [unicodeTextInMathMode]
2026-08-27T17:06:47.744Z	   Generating static pages (294/392) 
2026-08-27T17:06:53.473Z	 ✓ Generating static pages (392/392)
2026-08-27T17:06:53.823Z	   Finalizing page optimization ...
2026-08-27T17:06:53.823Z	   Collecting build traces ...
2026-08-27T17:07:06.910Z	
2026-08-27T17:07:06.971Z	Route (app)                                                                      Size     First Load JS
2026-08-27T17:07:06.971Z	┌ ○ /                                                                            158 B          87.6 kB
2026-08-27T17:07:06.977Z	├ ○ /_not-found                                                                  879 B          88.4 kB
2026-08-27T17:07:06.977Z	├ ● /[locale]                                                                    71.5 kB         317 kB
2026-08-27T17:07:06.977Z	├   ├ /en
2026-08-27T17:07:06.977Z	├   └ /ko
2026-08-27T17:07:06.977Z	├ ● /[locale]/about                                                              158 B          87.6 kB
2026-08-27T17:07:06.977Z	├   ├ /en/about
2026-08-27T17:07:06.977Z	├   └ /ko/about
2026-08-27T17:07:06.977Z	├ ● /[locale]/calculators/ai-tools                                               382 B           122 kB
2026-08-27T17:07:06.977Z	├   ├ /en/calculators/ai-tools
2026-08-27T17:07:06.977Z	├   └ /ko/calculators/ai-tools
2026-08-27T17:07:06.977Z	├ ● /[locale]/calculators/ai-tools/base64-decoder                                1.44 kB         129 kB
2026-08-27T17:07:06.977Z	├   ├ /en/calculators/ai-tools/base64-decoder
2026-08-27T17:07:06.977Z	├   └ /ko/calculators/ai-tools/base64-decoder
2026-08-27T17:07:06.977Z	├ ● /[locale]/calculators/ai-tools/base64-encoder                                1.49 kB         129 kB
2026-08-27T17:07:06.977Z	├   ├ /en/calculators/ai-tools/base64-encoder
2026-08-27T17:07:06.977Z	├   └ /ko/calculators/ai-tools/base64-encoder
2026-08-27T17:07:06.977Z	├ ● /[locale]/calculators/ai-tools/code-explainer                                4.47 kB         158 kB
2026-08-27T17:07:06.984Z	├   ├ /en/calculators/ai-tools/code-explainer
2026-08-27T17:07:06.984Z	├   └ /ko/calculators/ai-tools/code-explainer
2026-08-27T17:07:06.984Z	├ ● /[locale]/calculators/ai-tools/image-converter                               1.94 kB         130 kB
2026-08-27T17:07:06.984Z	├   ├ /en/calculators/ai-tools/image-converter
2026-08-27T17:07:06.984Z	├   └ /ko/calculators/ai-tools/image-converter
2026-08-27T17:07:06.984Z	├ ● /[locale]/calculators/ai-tools/image-resizer                                 2 kB            130 kB
2026-08-27T17:07:06.985Z	├   ├ /en/calculators/ai-tools/image-resizer
2026-08-27T17:07:06.985Z	├   └ /ko/calculators/ai-tools/image-resizer
2026-08-27T17:07:06.985Z	├ ● /[locale]/calculators/ai-tools/json-generator                                2.17 kB         139 kB
2026-08-27T17:07:06.985Z	├   ├ /en/calculators/ai-tools/json-generator
2026-08-27T17:07:06.985Z	├   └ /ko/calculators/ai-tools/json-generator
2026-08-27T17:07:06.985Z	├ ● /[locale]/calculators/ai-tools/json-minifier                                 1.57 kB         129 kB
2026-08-27T17:07:06.985Z	├   ├ /en/calculators/ai-tools/json-minifier
2026-08-27T17:07:06.985Z	├   └ /ko/calculators/ai-tools/json-minifier
2026-08-27T17:07:06.985Z	├ ● /[locale]/calculators/ai-tools/json-prettifier                               1.62 kB         129 kB
2026-08-27T17:07:06.985Z	├   ├ /en/calculators/ai-tools/json-prettifier
2026-08-27T17:07:06.985Z	├   └ /ko/calculators/ai-tools/json-prettifier
2026-08-27T17:07:06.985Z	├ ● /[locale]/calculators/ai-tools/lorem-ipsum-generator                         2.28 kB         130 kB
2026-08-27T17:07:06.985Z	├   ├ /en/calculators/ai-tools/lorem-ipsum-generator
2026-08-27T17:07:06.985Z	├   └ /ko/calculators/ai-tools/lorem-ipsum-generator
2026-08-27T17:07:06.985Z	├ ● /[locale]/calculators/ai-tools/meeting-notes                                 2.59 kB         130 kB
2026-08-27T17:07:06.986Z	├   ├ /en/calculators/ai-tools/meeting-notes
2026-08-27T17:07:06.986Z	├   └ /ko/calculators/ai-tools/meeting-notes
2026-08-27T17:07:06.986Z	├ ● /[locale]/calculators/ai-tools/morse-code                                    2.16 kB         130 kB
2026-08-27T17:07:06.986Z	├   ├ /en/calculators/ai-tools/morse-code
2026-08-27T17:07:06.986Z	├   └ /ko/calculators/ai-tools/morse-code
2026-08-27T17:07:06.986Z	├ ● /[locale]/calculators/ai-tools/prompt-generator                              5.76 kB         159 kB
2026-08-27T17:07:06.986Z	├   ├ /en/calculators/ai-tools/prompt-generator
2026-08-27T17:07:06.986Z	├   └ /ko/calculators/ai-tools/prompt-generator
2026-08-27T17:07:06.986Z	├ ● /[locale]/calculators/ai-tools/text-summarizer                               3.24 kB         156 kB
2026-08-27T17:07:06.986Z	├   ├ /en/calculators/ai-tools/text-summarizer
2026-08-27T17:07:06.986Z	├   └ /ko/calculators/ai-tools/text-summarizer
2026-08-27T17:07:06.986Z	├ ● /[locale]/calculators/ai-tools/url-decoder                                   1.44 kB         129 kB
2026-08-27T17:07:06.986Z	├   ├ /en/calculators/ai-tools/url-decoder
2026-08-27T17:07:06.986Z	├   └ /ko/calculators/ai-tools/url-decoder
2026-08-27T17:07:06.986Z	├ ● /[locale]/calculators/ai-tools/url-encoder                                   1.37 kB         129 kB
2026-08-27T17:07:06.986Z	├   ├ /en/calculators/ai-tools/url-encoder
2026-08-27T17:07:06.986Z	├   └ /ko/calculators/ai-tools/url-encoder
2026-08-27T17:07:06.986Z	├ ● /[locale]/calculators/ai-tools/xml-generator                                 2.19 kB         139 kB
2026-08-27T17:07:06.986Z	├   ├ /en/calculators/ai-tools/xml-generator
2026-08-27T17:07:06.987Z	├   └ /ko/calculators/ai-tools/xml-generator
2026-08-27T17:07:06.987Z	├ ● /[locale]/calculators/ai-tools/yaml-generator                                2.08 kB         139 kB
2026-08-27T17:07:06.987Z	├   ├ /en/calculators/ai-tools/yaml-generator
2026-08-27T17:07:06.987Z	├   └ /ko/calculators/ai-tools/yaml-generator
2026-08-27T17:07:06.987Z	├ ● /[locale]/calculators/conversion                                             382 B           122 kB
2026-08-27T17:07:06.987Z	├   ├ /en/calculators/conversion
2026-08-27T17:07:06.987Z	├   └ /ko/calculators/conversion
2026-08-27T17:07:06.987Z	├ ● /[locale]/calculators/conversion/currency-converter                          1.69 kB         129 kB
2026-08-27T17:07:06.987Z	├   ├ /en/calculators/conversion/currency-converter
2026-08-27T17:07:06.987Z	├   └ /ko/calculators/conversion/currency-converter
2026-08-27T17:07:06.987Z	├ ● /[locale]/calculators/conversion/data-size-converter                         1.63 kB         129 kB
2026-08-27T17:07:06.987Z	├   ├ /en/calculators/conversion/data-size-converter
2026-08-27T17:07:06.987Z	├   └ /ko/calculators/conversion/data-size-converter
2026-08-27T17:07:06.987Z	├ ● /[locale]/calculators/conversion/distance-converter                          5.25 kB         209 kB
2026-08-27T17:07:06.987Z	├   ├ /en/calculators/conversion/distance-converter
2026-08-27T17:07:06.987Z	├   └ /ko/calculators/conversion/distance-converter
2026-08-27T17:07:06.987Z	├ ● /[locale]/calculators/conversion/energy-converter                            1.64 kB         129 kB
2026-08-27T17:07:06.987Z	├   ├ /en/calculators/conversion/energy-converter
2026-08-27T17:07:06.987Z	├   └ /ko/calculators/conversion/energy-converter
2026-08-27T17:07:06.987Z	├ ● /[locale]/calculators/conversion/korean-clothing-size-converter              3.58 kB         157 kB
2026-08-27T17:07:06.990Z	├   ├ /en/calculators/conversion/korean-clothing-size-converter
2026-08-27T17:07:06.990Z	├   └ /ko/calculators/conversion/korean-clothing-size-converter
2026-08-27T17:07:06.990Z	├ ● /[locale]/calculators/conversion/korean-shoe-size-converter                  8.05 kB         237 kB
2026-08-27T17:07:06.990Z	├   ├ /en/calculators/conversion/korean-shoe-size-converter
2026-08-27T17:07:06.990Z	├   └ /ko/calculators/conversion/korean-shoe-size-converter
2026-08-27T17:07:06.990Z	├ ● /[locale]/calculators/conversion/power-converter                             1.62 kB         129 kB
2026-08-27T17:07:06.990Z	├   ├ /en/calculators/conversion/power-converter
2026-08-27T17:07:06.990Z	├   └ /ko/calculators/conversion/power-converter
2026-08-27T17:07:06.990Z	├ ● /[locale]/calculators/conversion/speed-converter                             1.61 kB         129 kB
2026-08-27T17:07:06.991Z	├   ├ /en/calculators/conversion/speed-converter
2026-08-27T17:07:06.991Z	├   └ /ko/calculators/conversion/speed-converter
2026-08-27T17:07:06.991Z	├ ● /[locale]/calculators/conversion/timezone-converter                          1.95 kB         130 kB
2026-08-27T17:07:06.991Z	├   ├ /en/calculators/conversion/timezone-converter
2026-08-27T17:07:06.991Z	├   └ /ko/calculators/conversion/timezone-converter
2026-08-27T17:07:06.991Z	├ ● /[locale]/calculators/conversion/unit-converter                              8.01 kB         212 kB
2026-08-27T17:07:06.991Z	├   ├ /en/calculators/conversion/unit-converter
2026-08-27T17:07:06.991Z	├   └ /ko/calculators/conversion/unit-converter
2026-08-27T17:07:06.991Z	├ ● /[locale]/calculators/conversion/volume-converter                            5.13 kB         209 kB
2026-08-27T17:07:06.991Z	├   ├ /en/calculators/conversion/volume-converter
2026-08-27T17:07:06.991Z	├   └ /ko/calculators/conversion/volume-converter
2026-08-27T17:07:06.991Z	├ ● /[locale]/calculators/conversion/weight-converter                            5.18 kB         209 kB
2026-08-27T17:07:06.991Z	├   ├ /en/calculators/conversion/weight-converter
2026-08-27T17:07:06.991Z	├   └ /ko/calculators/conversion/weight-converter
2026-08-27T17:07:06.991Z	├ ● /[locale]/calculators/engineering                                            383 B           122 kB
2026-08-27T17:07:06.991Z	├   ├ /en/calculators/engineering
2026-08-27T17:07:06.991Z	├   └ /ko/calculators/engineering
2026-08-27T17:07:06.991Z	├ ● /[locale]/calculators/engineering/ac-power                                   9.38 kB         109 kB
2026-08-27T17:07:06.992Z	├   ├ /en/calculators/engineering/ac-power
2026-08-27T17:07:06.992Z	├   └ /ko/calculators/engineering/ac-power
2026-08-27T17:07:06.992Z	├ ● /[locale]/calculators/engineering/api-650-tank                               10 kB           110 kB
2026-08-27T17:07:06.992Z	├   ├ /en/calculators/engineering/api-650-tank
2026-08-27T17:07:06.992Z	├   └ /ko/calculators/engineering/api-650-tank
2026-08-27T17:07:06.992Z	├ ● /[locale]/calculators/engineering/api-gravity                                6.77 kB         102 kB
2026-08-27T17:07:06.992Z	├   ├ /en/calculators/engineering/api-gravity
2026-08-27T17:07:06.992Z	├   └ /ko/calculators/engineering/api-gravity
2026-08-27T17:07:06.992Z	├ ● /[locale]/calculators/engineering/asce7-wind-load                            9.72 kB         110 kB
2026-08-27T17:07:06.992Z	├   ├ /en/calculators/engineering/asce7-wind-load
2026-08-27T17:07:06.992Z	├   └ /ko/calculators/engineering/asce7-wind-load
2026-08-27T17:07:06.992Z	├ ● /[locale]/calculators/engineering/asme-b313                                  9.99 kB         110 kB
2026-08-27T17:07:06.992Z	├   ├ /en/calculators/engineering/asme-b313
2026-08-27T17:07:06.992Z	├   └ /ko/calculators/engineering/asme-b313
2026-08-27T17:07:06.992Z	├ ● /[locale]/calculators/engineering/asme-section-viii                          9.5 kB          110 kB
2026-08-27T17:07:06.992Z	├   ├ /en/calculators/engineering/asme-section-viii
2026-08-27T17:07:06.992Z	├   └ /ko/calculators/engineering/asme-section-viii
2026-08-27T17:07:06.992Z	├ ● /[locale]/calculators/engineering/barlows-formula                            9.69 kB         110 kB
2026-08-27T17:07:06.992Z	├   ├ /en/calculators/engineering/barlows-formula
2026-08-27T17:07:06.993Z	├   └ /ko/calculators/engineering/barlows-formula
2026-08-27T17:07:06.993Z	├ ● /[locale]/calculators/engineering/beam-deflection                            9.78 kB         110 kB
2026-08-27T17:07:06.993Z	├   ├ /en/calculators/engineering/beam-deflection
2026-08-27T17:07:06.993Z	├   └ /ko/calculators/engineering/beam-deflection
2026-08-27T17:07:06.993Z	├ ● /[locale]/calculators/engineering/bearing-life                               9.79 kB         110 kB
2026-08-27T17:07:06.993Z	├   ├ /en/calculators/engineering/bearing-life
2026-08-27T17:07:06.993Z	├   └ /ko/calculators/engineering/bearing-life
2026-08-27T17:07:06.993Z	├ ● /[locale]/calculators/engineering/bernoulli                                  9.77 kB         110 kB
2026-08-27T17:07:06.993Z	├   ├ /en/calculators/engineering/bernoulli
2026-08-27T17:07:06.993Z	├   └ /ko/calculators/engineering/bernoulli
2026-08-27T17:07:06.993Z	├ ● /[locale]/calculators/engineering/carnot-efficiency                          6.26 kB         102 kB
2026-08-27T17:07:06.993Z	├   ├ /en/calculators/engineering/carnot-efficiency
2026-08-27T17:07:06.993Z	├   └ /ko/calculators/engineering/carnot-efficiency
2026-08-27T17:07:06.993Z	├ ● /[locale]/calculators/engineering/centrifuge                                 9.41 kB         109 kB
2026-08-27T17:07:06.993Z	├   ├ /en/calculators/engineering/centrifuge
2026-08-27T17:07:06.993Z	├   └ /ko/calculators/engineering/centrifuge
2026-08-27T17:07:06.993Z	├ ● /[locale]/calculators/engineering/convection-heat-transfer                   9.79 kB         110 kB
2026-08-27T17:07:06.994Z	├   ├ /en/calculators/engineering/convection-heat-transfer
2026-08-27T17:07:06.994Z	├   └ /ko/calculators/engineering/convection-heat-transfer
2026-08-27T17:07:06.994Z	├ ● /[locale]/calculators/engineering/cooling-tower                              9.23 kB         109 kB
2026-08-27T17:07:06.994Z	├   ├ /en/calculators/engineering/cooling-tower
2026-08-27T17:07:06.994Z	├   └ /ko/calculators/engineering/cooling-tower
2026-08-27T17:07:06.994Z	├ ● /[locale]/calculators/engineering/corrosion-compatibility                    10.7 kB         143 kB
2026-08-27T17:07:06.995Z	├   ├ /en/calculators/engineering/corrosion-compatibility
2026-08-27T17:07:06.995Z	├   └ /ko/calculators/engineering/corrosion-compatibility
2026-08-27T17:07:06.995Z	├ ● /[locale]/calculators/engineering/cyclone-efficiency                         7.08 kB         103 kB
2026-08-27T17:07:06.996Z	├   ├ /en/calculators/engineering/cyclone-efficiency
2026-08-27T17:07:06.996Z	├   └ /ko/calculators/engineering/cyclone-efficiency
2026-08-27T17:07:06.996Z	├ ● /[locale]/calculators/engineering/dew-point                                  8.8 kB          109 kB
2026-08-27T17:07:06.996Z	├   ├ /en/calculators/engineering/dew-point
2026-08-27T17:07:06.996Z	├   └ /ko/calculators/engineering/dew-point
2026-08-27T17:07:06.996Z	├ ● /[locale]/calculators/engineering/din-10220-pipe                             9.42 kB         109 kB
2026-08-27T17:07:06.996Z	├   ├ /en/calculators/engineering/din-10220-pipe
2026-08-27T17:07:06.996Z	├   └ /ko/calculators/engineering/din-10220-pipe
2026-08-27T17:07:06.997Z	├ ● /[locale]/calculators/engineering/duct-friction                              9.66 kB         110 kB
2026-08-27T17:07:06.997Z	├   ├ /en/calculators/engineering/duct-friction
2026-08-27T17:07:06.997Z	├   └ /ko/calculators/engineering/duct-friction
2026-08-27T17:07:06.997Z	├ ● /[locale]/calculators/engineering/euler-buckling                             9.46 kB         109 kB
2026-08-27T17:07:06.997Z	├   ├ /en/calculators/engineering/euler-buckling
2026-08-27T17:07:06.997Z	├   └ /ko/calculators/engineering/euler-buckling
2026-08-27T17:07:06.997Z	├ ● /[locale]/calculators/engineering/flow-rate-converter                        6.06 kB         102 kB
2026-08-27T17:07:06.997Z	├   ├ /en/calculators/engineering/flow-rate-converter
2026-08-27T17:07:06.997Z	├   └ /ko/calculators/engineering/flow-rate-converter
2026-08-27T17:07:06.997Z	├ ● /[locale]/calculators/engineering/free-fall                                  12.3 kB         218 kB
2026-08-27T17:07:06.997Z	├   ├ /en/calculators/engineering/free-fall
2026-08-27T17:07:06.997Z	├   └ /ko/calculators/engineering/free-fall
2026-08-27T17:07:06.997Z	├ ● /[locale]/calculators/engineering/gear-ratio                                 9.63 kB         110 kB
2026-08-27T17:07:06.997Z	├   ├ /en/calculators/engineering/gear-ratio
2026-08-27T17:07:06.997Z	├   └ /ko/calculators/engineering/gear-ratio
2026-08-27T17:07:06.997Z	├ ● /[locale]/calculators/engineering/heat-capacity                              9.2 kB          109 kB
2026-08-27T17:07:06.998Z	├   ├ /en/calculators/engineering/heat-capacity
2026-08-27T17:07:06.998Z	├   └ /ko/calculators/engineering/heat-capacity
2026-08-27T17:07:06.998Z	├ ● /[locale]/calculators/engineering/heat-transfer                              10 kB           110 kB
2026-08-27T17:07:06.998Z	├   ├ /en/calculators/engineering/heat-transfer
2026-08-27T17:07:06.998Z	├   └ /ko/calculators/engineering/heat-transfer
2026-08-27T17:07:06.998Z	├ ● /[locale]/calculators/engineering/hydraulic-jump                             9.52 kB         110 kB
2026-08-27T17:07:06.998Z	├   ├ /en/calculators/engineering/hydraulic-jump
2026-08-27T17:07:06.998Z	├   └ /ko/calculators/engineering/hydraulic-jump
2026-08-27T17:07:06.998Z	├ ● /[locale]/calculators/engineering/ideal-gas                                  11.2 kB         220 kB
2026-08-27T17:07:06.998Z	├   ├ /en/calculators/engineering/ideal-gas
2026-08-27T17:07:06.998Z	├   └ /ko/calculators/engineering/ideal-gas
2026-08-27T17:07:06.998Z	├ ● /[locale]/calculators/engineering/iso-1127-pipe                              9.45 kB         109 kB
2026-08-27T17:07:06.998Z	├   ├ /en/calculators/engineering/iso-1127-pipe
2026-08-27T17:07:06.999Z	├   └ /ko/calculators/engineering/iso-1127-pipe
2026-08-27T17:07:06.999Z	├ ● /[locale]/calculators/engineering/iso-2533-atmosphere                        9.35 kB         109 kB
2026-08-27T17:07:06.999Z	├   ├ /en/calculators/engineering/iso-2533-atmosphere
2026-08-27T17:07:06.999Z	├   └ /ko/calculators/engineering/iso-2533-atmosphere
2026-08-27T17:07:06.999Z	├ ● /[locale]/calculators/engineering/korean-wind-load                           3.87 kB         157 kB
2026-08-27T17:07:06.999Z	├   ├ /en/calculators/engineering/korean-wind-load
2026-08-27T17:07:06.999Z	├   └ /ko/calculators/engineering/korean-wind-load
2026-08-27T17:07:06.999Z	├ ● /[locale]/calculators/engineering/lmtd                                       9.93 kB         110 kB
2026-08-27T17:07:06.999Z	├   ├ /en/calculators/engineering/lmtd
2026-08-27T17:07:06.999Z	├   └ /ko/calculators/engineering/lmtd
2026-08-27T17:07:07.000Z	├ ● /[locale]/calculators/engineering/mannings-equation                          9.45 kB         109 kB
2026-08-27T17:07:07.000Z	├   ├ /en/calculators/engineering/mannings-equation
2026-08-27T17:07:07.000Z	├   └ /ko/calculators/engineering/mannings-equation
2026-08-27T17:07:07.000Z	├ ● /[locale]/calculators/engineering/material-comparison                        15 kB           144 kB
2026-08-27T17:07:07.000Z	├   ├ /en/calculators/engineering/material-comparison
2026-08-27T17:07:07.000Z	├   └ /ko/calculators/engineering/material-comparison
2026-08-27T17:07:07.000Z	├ ● /[locale]/calculators/engineering/moment-of-inertia                          9.47 kB         110 kB
2026-08-27T17:07:07.000Z	├   ├ /en/calculators/engineering/moment-of-inertia
2026-08-27T17:07:07.000Z	├   └ /ko/calculators/engineering/moment-of-inertia
2026-08-27T17:07:07.000Z	├ ● /[locale]/calculators/engineering/npsh                                       9.48 kB         116 kB
2026-08-27T17:07:07.000Z	├   ├ /en/calculators/engineering/npsh
2026-08-27T17:07:07.000Z	├   └ /ko/calculators/engineering/npsh
2026-08-27T17:07:07.000Z	├ ● /[locale]/calculators/engineering/ohms-law                                   6.34 kB         105 kB
2026-08-27T17:07:07.000Z	├   ├ /en/calculators/engineering/ohms-law
2026-08-27T17:07:07.000Z	├   └ /ko/calculators/engineering/ohms-law
2026-08-27T17:07:07.001Z	├ ● /[locale]/calculators/engineering/orifice-flow                               10.1 kB         110 kB
2026-08-27T17:07:07.001Z	├   ├ /en/calculators/engineering/orifice-flow
2026-08-27T17:07:07.001Z	├   └ /ko/calculators/engineering/orifice-flow
2026-08-27T17:07:07.001Z	├ ● /[locale]/calculators/engineering/pipe-friction                              9.35 kB         109 kB
2026-08-27T17:07:07.001Z	├   ├ /en/calculators/engineering/pipe-friction
2026-08-27T17:07:07.001Z	├   └ /ko/calculators/engineering/pipe-friction
2026-08-27T17:07:07.002Z	├ ● /[locale]/calculators/engineering/pipe-sizing                                8.92 kB         109 kB
2026-08-27T17:07:07.003Z	├   ├ /en/calculators/engineering/pipe-sizing
2026-08-27T17:07:07.003Z	├   └ /ko/calculators/engineering/pipe-sizing
2026-08-27T17:07:07.003Z	├ ● /[locale]/calculators/engineering/pressure-converter                         6.06 kB         102 kB
2026-08-27T17:07:07.003Z	├   ├ /en/calculators/engineering/pressure-converter
2026-08-27T17:07:07.003Z	├   └ /ko/calculators/engineering/pressure-converter
2026-08-27T17:07:07.003Z	├ ● /[locale]/calculators/engineering/psychrometric                              9.25 kB         109 kB
2026-08-27T17:07:07.003Z	├   ├ /en/calculators/engineering/psychrometric
2026-08-27T17:07:07.003Z	├   └ /ko/calculators/engineering/psychrometric
2026-08-27T17:07:07.003Z	├ ● /[locale]/calculators/engineering/pump-affinity                              6.67 kB         102 kB
2026-08-27T17:07:07.003Z	├   ├ /en/calculators/engineering/pump-affinity
2026-08-27T17:07:07.003Z	├   └ /ko/calculators/engineering/pump-affinity
2026-08-27T17:07:07.003Z	├ ● /[locale]/calculators/engineering/pump-power                                 8.38 kB         112 kB
2026-08-27T17:07:07.003Z	├   ├ /en/calculators/engineering/pump-power
2026-08-27T17:07:07.004Z	├   └ /ko/calculators/engineering/pump-power
2026-08-27T17:07:07.004Z	├ ● /[locale]/calculators/engineering/radiation-heat                             9.61 kB         110 kB
2026-08-27T17:07:07.004Z	├   ├ /en/calculators/engineering/radiation-heat
2026-08-27T17:07:07.004Z	├   └ /ko/calculators/engineering/radiation-heat
2026-08-27T17:07:07.004Z	├ ● /[locale]/calculators/engineering/rc-circuit                                 6.37 kB         102 kB
2026-08-27T17:07:07.004Z	├   ├ /en/calculators/engineering/rc-circuit
2026-08-27T17:07:07.004Z	├   └ /ko/calculators/engineering/rc-circuit
2026-08-27T17:07:07.004Z	├ ● /[locale]/calculators/engineering/reynolds-number                            10.5 kB         111 kB
2026-08-27T17:07:07.004Z	├   ├ /en/calculators/engineering/reynolds-number
2026-08-27T17:07:07.005Z	├   └ /ko/calculators/engineering/reynolds-number
2026-08-27T17:07:07.005Z	├ ● /[locale]/calculators/engineering/sensible-heat                              9.64 kB         110 kB
2026-08-27T17:07:07.005Z	├   ├ /en/calculators/engineering/sensible-heat
2026-08-27T17:07:07.005Z	├   └ /ko/calculators/engineering/sensible-heat
2026-08-27T17:07:07.005Z	├ ● /[locale]/calculators/engineering/sound-pressure                             9.11 kB         109 kB
2026-08-27T17:07:07.005Z	├   ├ /en/calculators/engineering/sound-pressure
2026-08-27T17:07:07.005Z	├   └ /ko/calculators/engineering/sound-pressure
2026-08-27T17:07:07.005Z	├ ● /[locale]/calculators/engineering/specific-gravity                           6.08 kB         102 kB
2026-08-27T17:07:07.005Z	├   ├ /en/calculators/engineering/specific-gravity
2026-08-27T17:07:07.005Z	├   └ /ko/calculators/engineering/specific-gravity
2026-08-27T17:07:07.006Z	├ ● /[locale]/calculators/engineering/specific-speed                             9.42 kB         109 kB
2026-08-27T17:07:07.006Z	├   ├ /en/calculators/engineering/specific-speed
2026-08-27T17:07:07.006Z	├   └ /ko/calculators/engineering/specific-speed
2026-08-27T17:07:07.006Z	├ ● /[locale]/calculators/engineering/spring-rate                                9.53 kB         110 kB
2026-08-27T17:07:07.006Z	├   ├ /en/calculators/engineering/spring-rate
2026-08-27T17:07:07.006Z	├   └ /ko/calculators/engineering/spring-rate
2026-08-27T17:07:07.006Z	├ ● /[locale]/calculators/engineering/stress-strain                              9.61 kB         110 kB
2026-08-27T17:07:07.006Z	├   ├ /en/calculators/engineering/stress-strain
2026-08-27T17:07:07.006Z	├   └ /ko/calculators/engineering/stress-strain
2026-08-27T17:07:07.006Z	├ ● /[locale]/calculators/engineering/tank                                       8.1 kB          115 kB
2026-08-27T17:07:07.006Z	├   ├ /en/calculators/engineering/tank
2026-08-27T17:07:07.006Z	├   └ /ko/calculators/engineering/tank
2026-08-27T17:07:07.006Z	├ ● /[locale]/calculators/engineering/thermal-expansion                          9.79 kB         110 kB
2026-08-27T17:07:07.006Z	├   ├ /en/calculators/engineering/thermal-expansion
2026-08-27T17:07:07.006Z	├   └ /ko/calculators/engineering/thermal-expansion
2026-08-27T17:07:07.006Z	├ ● /[locale]/calculators/engineering/torque-power                               9.07 kB         109 kB
2026-08-27T17:07:07.006Z	├   ├ /en/calculators/engineering/torque-power
2026-08-27T17:07:07.006Z	├   └ /ko/calculators/engineering/torque-power
2026-08-27T17:07:07.006Z	├ ● /[locale]/calculators/engineering/tube-pressure-drop                         9.62 kB         110 kB
2026-08-27T17:07:07.007Z	├   ├ /en/calculators/engineering/tube-pressure-drop
2026-08-27T17:07:07.007Z	├   └ /ko/calculators/engineering/tube-pressure-drop
2026-08-27T17:07:07.007Z	├ ● /[locale]/calculators/engineering/u-value                                    9.73 kB         110 kB
2026-08-27T17:07:07.007Z	├   ├ /en/calculators/engineering/u-value
2026-08-27T17:07:07.007Z	├   └ /ko/calculators/engineering/u-value
2026-08-27T17:07:07.007Z	├ ● /[locale]/calculators/engineering/voltage-drop                               7.39 kB         106 kB
2026-08-27T17:07:07.007Z	├   ├ /en/calculators/engineering/voltage-drop
2026-08-27T17:07:07.007Z	├   └ /ko/calculators/engineering/voltage-drop
2026-08-27T17:07:07.008Z	├ ● /[locale]/calculators/engineering/water-density                              8.6 kB          109 kB
2026-08-27T17:07:07.008Z	├   ├ /en/calculators/engineering/water-density
2026-08-27T17:07:07.008Z	├   └ /ko/calculators/engineering/water-density
2026-08-27T17:07:07.008Z	├ ● /[locale]/calculators/engineering/water-hammer                               9.55 kB         110 kB
2026-08-27T17:07:07.008Z	├   ├ /en/calculators/engineering/water-hammer
2026-08-27T17:07:07.008Z	├   └ /ko/calculators/engineering/water-hammer
2026-08-27T17:07:07.008Z	├ ● /[locale]/calculators/engineering/wire-gauge                                 9.56 kB         110 kB
2026-08-27T17:07:07.008Z	├   ├ /en/calculators/engineering/wire-gauge
2026-08-27T17:07:07.008Z	├   └ /ko/calculators/engineering/wire-gauge
2026-08-27T17:07:07.008Z	├ ● /[locale]/calculators/finance                                                380 B           122 kB
2026-08-27T17:07:07.009Z	├   ├ /en/calculators/finance
2026-08-27T17:07:07.009Z	├   └ /ko/calculators/finance
2026-08-27T17:07:07.009Z	├ ● /[locale]/calculators/finance/401k                                           4.09 kB         237 kB
2026-08-27T17:07:07.009Z	├   ├ /en/calculators/finance/401k
2026-08-27T17:07:07.009Z	├   └ /ko/calculators/finance/401k
2026-08-27T17:07:07.009Z	├ ● /[locale]/calculators/finance/acquisition-tax                                3.71 kB         131 kB
2026-08-27T17:07:07.010Z	├   ├ /en/calculators/finance/acquisition-tax
2026-08-27T17:07:07.010Z	├   └ /ko/calculators/finance/acquisition-tax
2026-08-27T17:07:07.010Z	├ ● /[locale]/calculators/finance/amortization-schedule                          3.9 kB          157 kB
2026-08-27T17:07:07.022Z	├   ├ /en/calculators/finance/amortization-schedule
2026-08-27T17:07:07.024Z	├   └ /ko/calculators/finance/amortization-schedule
2026-08-27T17:07:07.024Z	├ ● /[locale]/calculators/finance/annual-leave                                   12.5 kB         284 kB
2026-08-27T17:07:07.024Z	├   ├ /en/calculators/finance/annual-leave
2026-08-27T17:07:07.024Z	├   └ /ko/calculators/finance/annual-leave
2026-08-27T17:07:07.024Z	├ ● /[locale]/calculators/finance/auto-loan-calculator                           2.52 kB         130 kB
2026-08-27T17:07:07.024Z	├   ├ /en/calculators/finance/auto-loan-calculator
2026-08-27T17:07:07.024Z	├   └ /ko/calculators/finance/auto-loan-calculator
2026-08-27T17:07:07.024Z	├ ● /[locale]/calculators/finance/cagr                                           5.95 kB         249 kB
2026-08-27T17:07:07.025Z	├   ├ /en/calculators/finance/cagr
2026-08-27T17:07:07.025Z	├   └ /ko/calculators/finance/cagr
2026-08-27T17:07:07.025Z	├ ● /[locale]/calculators/finance/charter-loan-calculator                        2.42 kB         130 kB
2026-08-27T17:07:07.025Z	├   ├ /en/calculators/finance/charter-loan-calculator
2026-08-27T17:07:07.025Z	├   └ /ko/calculators/finance/charter-loan-calculator
2026-08-27T17:07:07.025Z	├ ● /[locale]/calculators/finance/compound-interest                              7.1 kB          250 kB
2026-08-27T17:07:07.025Z	├   ├ /en/calculators/finance/compound-interest
2026-08-27T17:07:07.025Z	├   └ /ko/calculators/finance/compound-interest
2026-08-27T17:07:07.025Z	├ ● /[locale]/calculators/finance/credit-card-installment-fee                    7.98 kB         391 kB
2026-08-27T17:07:07.025Z	├   ├ /en/calculators/finance/credit-card-installment-fee
2026-08-27T17:07:07.025Z	├   └ /ko/calculators/finance/credit-card-installment-fee
2026-08-27T17:07:07.025Z	├ ● /[locale]/calculators/finance/credit-card-payoff                             2.29 kB         130 kB
2026-08-27T17:07:07.025Z	├   ├ /en/calculators/finance/credit-card-payoff
2026-08-27T17:07:07.025Z	├   └ /ko/calculators/finance/credit-card-payoff
2026-08-27T17:07:07.025Z	├ ● /[locale]/calculators/finance/deposit-interest                               4.79 kB         167 kB
2026-08-27T17:07:07.025Z	├   ├ /en/calculators/finance/deposit-interest
2026-08-27T17:07:07.025Z	├   └ /ko/calculators/finance/deposit-interest
2026-08-27T17:07:07.025Z	├ ● /[locale]/calculators/finance/dsr-calculator                                 2.79 kB         131 kB
2026-08-27T17:07:07.025Z	├   ├ /en/calculators/finance/dsr-calculator
2026-08-27T17:07:07.026Z	├   └ /ko/calculators/finance/dsr-calculator
2026-08-27T17:07:07.026Z	├ ● /[locale]/calculators/finance/dti                                            4.23 kB         256 kB
2026-08-27T17:07:07.026Z	├   ├ /en/calculators/finance/dti
2026-08-27T17:07:07.026Z	├   └ /ko/calculators/finance/dti
2026-08-27T17:07:07.026Z	├ ● /[locale]/calculators/finance/early-repayment-fee                            5.51 kB         210 kB
2026-08-27T17:07:07.026Z	├   ├ /en/calculators/finance/early-repayment-fee
2026-08-27T17:07:07.026Z	├   └ /ko/calculators/finance/early-repayment-fee
2026-08-27T17:07:07.026Z	├ ● /[locale]/calculators/finance/free-installment-savings                       31.1 kB         243 kB
2026-08-27T17:07:07.026Z	├   ├ /en/calculators/finance/free-installment-savings
2026-08-27T17:07:07.026Z	├   └ /ko/calculators/finance/free-installment-savings
2026-08-27T17:07:07.026Z	├ ● /[locale]/calculators/finance/income-tax-calculator                          3.54 kB         131 kB
2026-08-27T17:07:07.026Z	├   ├ /en/calculators/finance/income-tax-calculator
2026-08-27T17:07:07.026Z	├   └ /ko/calculators/finance/income-tax-calculator
2026-08-27T17:07:07.027Z	├ ● /[locale]/calculators/finance/inflation-calculator                           2.89 kB         131 kB
2026-08-27T17:07:07.027Z	├   ├ /en/calculators/finance/inflation-calculator
2026-08-27T17:07:07.027Z	├   └ /ko/calculators/finance/inflation-calculator
2026-08-27T17:07:07.027Z	├ ● /[locale]/calculators/finance/installment-interest                           6.13 kB         365 kB
2026-08-27T17:07:07.027Z	├   ├ /en/calculators/finance/installment-interest
2026-08-27T17:07:07.027Z	├   └ /ko/calculators/finance/installment-interest
2026-08-27T17:07:07.027Z	├ ● /[locale]/calculators/finance/installment-savings-monthly-compound-interest  7.46 kB         250 kB
2026-08-27T17:07:07.027Z	├   ├ /en/calculators/finance/installment-savings-monthly-compound-interest
2026-08-27T17:07:07.027Z	├   └ /ko/calculators/finance/installment-savings-monthly-compound-interest
2026-08-27T17:07:07.027Z	├ ● /[locale]/calculators/finance/insurance                                      13.3 kB         252 kB
2026-08-27T17:07:07.027Z	├   ├ /en/calculators/finance/insurance
2026-08-27T17:07:07.027Z	├   └ /ko/calculators/finance/insurance
2026-08-27T17:07:07.027Z	├ ● /[locale]/calculators/finance/interest-rate-calculator                       3.41 kB         131 kB
2026-08-27T17:07:07.027Z	├   ├ /en/calculators/finance/interest-rate-calculator
2026-08-27T17:07:07.027Z	├   └ /ko/calculators/finance/interest-rate-calculator
2026-08-27T17:07:07.027Z	├ ● /[locale]/calculators/finance/isa                                            3.35 kB         131 kB
2026-08-27T17:07:07.027Z	├   ├ /en/calculators/finance/isa
2026-08-27T17:07:07.027Z	├   └ /ko/calculators/finance/isa
2026-08-27T17:07:07.027Z	├ ● /[locale]/calculators/finance/jeonse-deposit-calculator                      2.78 kB         131 kB
2026-08-27T17:07:07.031Z	├   ├ /en/calculators/finance/jeonse-deposit-calculator
2026-08-27T17:07:07.032Z	├   └ /ko/calculators/finance/jeonse-deposit-calculator
2026-08-27T17:07:07.032Z	├ ● /[locale]/calculators/finance/jeonse-vs-wolse                                2.14 kB         130 kB
2026-08-27T17:07:07.032Z	├   ├ /en/calculators/finance/jeonse-vs-wolse
2026-08-27T17:07:07.032Z	├   └ /ko/calculators/finance/jeonse-vs-wolse
2026-08-27T17:07:07.032Z	├ ● /[locale]/calculators/finance/loan-interest                                  4.52 kB         142 kB
2026-08-27T17:07:07.032Z	├   ├ /en/calculators/finance/loan-interest
2026-08-27T17:07:07.032Z	├   └ /ko/calculators/finance/loan-interest
2026-08-27T17:07:07.032Z	├ ● /[locale]/calculators/finance/mortgage-calculator                            8.95 kB         312 kB
2026-08-27T17:07:07.032Z	├   ├ /en/calculators/finance/mortgage-calculator
2026-08-27T17:07:07.032Z	├   └ /ko/calculators/finance/mortgage-calculator
2026-08-27T17:07:07.032Z	├ ● /[locale]/calculators/finance/mortgage-piti                                  2.47 kB         130 kB
2026-08-27T17:07:07.032Z	├   ├ /en/calculators/finance/mortgage-piti
2026-08-27T17:07:07.032Z	├   └ /ko/calculators/finance/mortgage-piti
2026-08-27T17:07:07.032Z	├ ● /[locale]/calculators/finance/net-salary-calculator                          3.66 kB         131 kB
2026-08-27T17:07:07.032Z	├   ├ /en/calculators/finance/net-salary-calculator
2026-08-27T17:07:07.033Z	├   └ /ko/calculators/finance/net-salary-calculator
2026-08-27T17:07:07.033Z	├ ● /[locale]/calculators/finance/ordinary-wage                                  2.62 kB         140 kB
2026-08-27T17:07:07.033Z	├   ├ /en/calculators/finance/ordinary-wage
2026-08-27T17:07:07.033Z	├   └ /ko/calculators/finance/ordinary-wage
2026-08-27T17:07:07.033Z	├ ● /[locale]/calculators/finance/principal-and-interest-equal-repayment         13.5 kB         332 kB
2026-08-27T17:07:07.033Z	├   ├ /en/calculators/finance/principal-and-interest-equal-repayment
2026-08-27T17:07:07.033Z	├   └ /ko/calculators/finance/principal-and-interest-equal-repayment
2026-08-27T17:07:07.033Z	├ ● /[locale]/calculators/finance/principal-equal-amortization                   13.6 kB         332 kB
2026-08-27T17:07:07.033Z	├   ├ /en/calculators/finance/principal-equal-amortization
2026-08-27T17:07:07.033Z	├   └ /ko/calculators/finance/principal-equal-amortization
2026-08-27T17:07:07.033Z	├ ● /[locale]/calculators/finance/property-tax-calculator                        3.94 kB         166 kB
2026-08-27T17:07:07.033Z	├   ├ /en/calculators/finance/property-tax-calculator
2026-08-27T17:07:07.033Z	├   └ /ko/calculators/finance/property-tax-calculator
2026-08-27T17:07:07.033Z	├ ● /[locale]/calculators/finance/regular-installment-savings                    5.47 kB         168 kB
2026-08-27T17:07:07.033Z	├   ├ /en/calculators/finance/regular-installment-savings
2026-08-27T17:07:07.033Z	├   └ /ko/calculators/finance/regular-installment-savings
2026-08-27T17:07:07.033Z	├ ● /[locale]/calculators/finance/retirement                                     3.75 kB         209 kB
2026-08-27T17:07:07.033Z	├   ├ /en/calculators/finance/retirement
2026-08-27T17:07:07.033Z	├   └ /ko/calculators/finance/retirement
2026-08-27T17:07:07.033Z	├ ● /[locale]/calculators/finance/rsu-tax                                        1.99 kB         130 kB
2026-08-27T17:07:07.034Z	├   ├ /en/calculators/finance/rsu-tax
2026-08-27T17:07:07.034Z	├   └ /ko/calculators/finance/rsu-tax
2026-08-27T17:07:07.034Z	├ ● /[locale]/calculators/finance/salary                                         4.89 kB         158 kB
2026-08-27T17:07:07.034Z	├   ├ /en/calculators/finance/salary
2026-08-27T17:07:07.034Z	├   └ /ko/calculators/finance/salary
2026-08-27T17:07:07.034Z	├ ● /[locale]/calculators/finance/salary-calculator                              2.87 kB         131 kB
2026-08-27T17:07:07.034Z	├   ├ /en/calculators/finance/salary-calculator
2026-08-27T17:07:07.034Z	├   └ /ko/calculators/finance/salary-calculator
2026-08-27T17:07:07.034Z	├ ● /[locale]/calculators/finance/stock-compound-interest                        3.12 kB         140 kB
2026-08-27T17:07:07.034Z	├   ├ /en/calculators/finance/stock-compound-interest
2026-08-27T17:07:07.034Z	├   └ /ko/calculators/finance/stock-compound-interest
2026-08-27T17:07:07.034Z	├ ● /[locale]/calculators/finance/vat                                            4.43 kB         132 kB
2026-08-27T17:07:07.034Z	├   ├ /en/calculators/finance/vat
2026-08-27T17:07:07.034Z	├   └ /ko/calculators/finance/vat
2026-08-27T17:07:07.034Z	├ ● /[locale]/calculators/finance/weekly-holiday-allowance                       3.17 kB         156 kB
2026-08-27T17:07:07.034Z	├   ├ /en/calculators/finance/weekly-holiday-allowance
2026-08-27T17:07:07.034Z	├   └ /ko/calculators/finance/weekly-holiday-allowance
2026-08-27T17:07:07.034Z	├ ● /[locale]/calculators/game                                                   378 B           122 kB
2026-08-27T17:07:07.034Z	├   ├ /en/calculators/game
2026-08-27T17:07:07.034Z	├   └ /ko/calculators/game
2026-08-27T17:07:07.034Z	├ ● /[locale]/calculators/game/dps-calculator                                    3.47 kB         207 kB
2026-08-27T17:07:07.034Z	├   ├ /en/calculators/game/dps-calculator
2026-08-27T17:07:07.034Z	├   └ /ko/calculators/game/dps-calculator
2026-08-27T17:07:07.034Z	├ ● /[locale]/calculators/life                                                   378 B           122 kB
2026-08-27T17:07:07.034Z	├   ├ /en/calculators/life
2026-08-27T17:07:07.034Z	├   └ /ko/calculators/life
2026-08-27T17:07:07.035Z	├ ● /[locale]/calculators/life/anniversary                                       9.85 kB         205 kB
2026-08-27T17:07:07.035Z	├   ├ /en/calculators/life/anniversary
2026-08-27T17:07:07.035Z	├   └ /ko/calculators/life/anniversary
2026-08-27T17:07:07.035Z	├ ● /[locale]/calculators/life/bmi-calculator                                    7.58 kB         145 kB
2026-08-27T17:07:07.035Z	├   ├ /en/calculators/life/bmi-calculator
2026-08-27T17:07:07.035Z	├   └ /ko/calculators/life/bmi-calculator
2026-08-27T17:07:07.035Z	├ ● /[locale]/calculators/life/bmr-calculator                                    8.34 kB         171 kB
2026-08-27T17:07:07.035Z	├   ├ /en/calculators/life/bmr-calculator
2026-08-27T17:07:07.035Z	├   └ /ko/calculators/life/bmr-calculator
2026-08-27T17:07:07.035Z	├ ● /[locale]/calculators/life/body-fat-calculator                               8.62 kB         171 kB
2026-08-27T17:07:07.035Z	├   ├ /en/calculators/life/body-fat-calculator
2026-08-27T17:07:07.036Z	├   └ /ko/calculators/life/body-fat-calculator
2026-08-27T17:07:07.036Z	├ ● /[locale]/calculators/life/calorie-calculator                                8.68 kB         171 kB
2026-08-27T17:07:07.036Z	├   ├ /en/calculators/life/calorie-calculator
2026-08-27T17:07:07.036Z	├   └ /ko/calculators/life/calorie-calculator
2026-08-27T17:07:07.036Z	├ ● /[locale]/calculators/life/coin-flip                                         1.53 kB         129 kB
2026-08-27T17:07:07.036Z	├   ├ /en/calculators/life/coin-flip
2026-08-27T17:07:07.036Z	├   └ /ko/calculators/life/coin-flip
2026-08-27T17:07:07.036Z	├ ● /[locale]/calculators/life/color-picker                                      2.12 kB         130 kB
2026-08-27T17:07:07.036Z	├   ├ /en/calculators/life/color-picker
2026-08-27T17:07:07.036Z	├   └ /ko/calculators/life/color-picker
2026-08-27T17:07:07.036Z	├ ● /[locale]/calculators/life/countdown-timer                                   1.92 kB         130 kB
2026-08-27T17:07:07.036Z	├   ├ /en/calculators/life/countdown-timer
2026-08-27T17:07:07.037Z	├   └ /ko/calculators/life/countdown-timer
2026-08-27T17:07:07.037Z	├ ● /[locale]/calculators/life/date-difference                                   8.68 kB         204 kB
2026-08-27T17:07:07.037Z	├   ├ /en/calculators/life/date-difference
2026-08-27T17:07:07.037Z	├   └ /ko/calculators/life/date-difference
2026-08-27T17:07:07.037Z	├ ● /[locale]/calculators/life/discount-calculator                               1.77 kB         139 kB
2026-08-27T17:07:07.037Z	├   ├ /en/calculators/life/discount-calculator
2026-08-27T17:07:07.037Z	├   └ /ko/calculators/life/discount-calculator
2026-08-27T17:07:07.037Z	├ ● /[locale]/calculators/life/due-date-calculator                               7.53 kB         145 kB
2026-08-27T17:07:07.037Z	├   ├ /en/calculators/life/due-date-calculator
2026-08-27T17:07:07.037Z	├   └ /ko/calculators/life/due-date-calculator
2026-08-27T17:07:07.037Z	├ ● /[locale]/calculators/life/holiday-calendar                                  2.4 kB          130 kB
2026-08-27T17:07:07.037Z	├   ├ /en/calculators/life/holiday-calendar
2026-08-27T17:07:07.037Z	├   └ /ko/calculators/life/holiday-calendar
2026-08-27T17:07:07.037Z	├ ● /[locale]/calculators/life/hours-calculator                                  3.61 kB         131 kB
2026-08-27T17:07:07.037Z	├   ├ /en/calculators/life/hours-calculator
2026-08-27T17:07:07.037Z	├   └ /ko/calculators/life/hours-calculator
2026-08-27T17:07:07.037Z	├ ● /[locale]/calculators/life/ideal-weight-calculator                           7.82 kB         170 kB
2026-08-27T17:07:07.037Z	├   ├ /en/calculators/life/ideal-weight-calculator
2026-08-27T17:07:07.037Z	├   └ /ko/calculators/life/ideal-weight-calculator
2026-08-27T17:07:07.037Z	├ ● /[locale]/calculators/life/korean-age                                        13.8 kB         183 kB
2026-08-27T17:07:07.037Z	├   ├ /en/calculators/life/korean-age
2026-08-27T17:07:07.038Z	├   └ /ko/calculators/life/korean-age
2026-08-27T17:07:07.038Z	├ ● /[locale]/calculators/life/logistics/cbm-calculator                          10.2 kB         173 kB
2026-08-27T17:07:07.038Z	├   ├ /en/calculators/life/logistics/cbm-calculator
2026-08-27T17:07:07.038Z	├   └ /ko/calculators/life/logistics/cbm-calculator
2026-08-27T17:07:07.038Z	├ ● /[locale]/calculators/life/moving-cost-calculator                            2.99 kB         131 kB
2026-08-27T17:07:07.038Z	├   ├ /en/calculators/life/moving-cost-calculator
2026-08-27T17:07:07.038Z	├   └ /ko/calculators/life/moving-cost-calculator
2026-08-27T17:07:07.038Z	├ ● /[locale]/calculators/life/notepad                                           1.45 kB         139 kB
2026-08-27T17:07:07.038Z	├   ├ /en/calculators/life/notepad
2026-08-27T17:07:07.038Z	├   └ /ko/calculators/life/notepad
2026-08-27T17:07:07.038Z	├ ● /[locale]/calculators/life/pace-calculator                                   7.76 kB         170 kB
2026-08-27T17:07:07.038Z	├   ├ /en/calculators/life/pace-calculator
2026-08-27T17:07:07.038Z	├   └ /ko/calculators/life/pace-calculator
2026-08-27T17:07:07.038Z	├ ● /[locale]/calculators/life/password-generator                                2.1 kB          130 kB
2026-08-27T17:07:07.038Z	├   ├ /en/calculators/life/password-generator
2026-08-27T17:07:07.038Z	├   └ /ko/calculators/life/password-generator
2026-08-27T17:07:07.038Z	├ ● /[locale]/calculators/life/qr-generator                                      1.68 kB         129 kB
2026-08-27T17:07:07.038Z	├   ├ /en/calculators/life/qr-generator
2026-08-27T17:07:07.038Z	├   └ /ko/calculators/life/qr-generator
2026-08-27T17:07:07.038Z	├ ● /[locale]/calculators/life/sales-tax-calculator                              2.54 kB         130 kB
2026-08-27T17:07:07.038Z	├   ├ /en/calculators/life/sales-tax-calculator
2026-08-27T17:07:07.038Z	├   └ /ko/calculators/life/sales-tax-calculator
2026-08-27T17:07:07.038Z	├ ● /[locale]/calculators/life/text-difference                                   1.52 kB         129 kB
2026-08-27T17:07:07.038Z	├   ├ /en/calculators/life/text-difference
2026-08-27T17:07:07.038Z	├   └ /ko/calculators/life/text-difference
2026-08-27T17:07:07.038Z	├ ● /[locale]/calculators/life/time-calculator                                   3.72 kB         157 kB
2026-08-27T17:07:07.041Z	├   ├ /en/calculators/life/time-calculator
2026-08-27T17:07:07.041Z	├   └ /ko/calculators/life/time-calculator
2026-08-27T17:07:07.041Z	├ ● /[locale]/calculators/life/typing-speed                                      2.67 kB         130 kB
2026-08-27T17:07:07.041Z	├   ├ /en/calculators/life/typing-speed
2026-08-27T17:07:07.041Z	├   └ /ko/calculators/life/typing-speed
2026-08-27T17:07:07.041Z	├ ● /[locale]/calculators/life/virtual-dice                                      1.49 kB         129 kB
2026-08-27T17:07:07.041Z	├   ├ /en/calculators/life/virtual-dice
2026-08-27T17:07:07.041Z	├   └ /ko/calculators/life/virtual-dice
2026-08-27T17:07:07.042Z	├ ● /[locale]/calculators/life/weight-loss                                       8.55 kB         171 kB
2026-08-27T17:07:07.042Z	├   ├ /en/calculators/life/weight-loss
2026-08-27T17:07:07.043Z	├   └ /ko/calculators/life/weight-loss
2026-08-27T17:07:07.043Z	├ ● /[locale]/calculators/others                                                 378 B           122 kB
2026-08-27T17:07:07.043Z	├   ├ /en/calculators/others
2026-08-27T17:07:07.043Z	├   └ /ko/calculators/others
2026-08-27T17:07:07.043Z	├ ● /[locale]/calculators/others/internet-speed-test                             6.61 kB         210 kB
2026-08-27T17:07:07.043Z	├   ├ /en/calculators/others/internet-speed-test
2026-08-27T17:07:07.044Z	├   └ /ko/calculators/others/internet-speed-test
2026-08-27T17:07:07.044Z	├ ● /[locale]/calculators/others/invoice-generator                               5.74 kB         133 kB
2026-08-27T17:07:07.044Z	├   ├ /en/calculators/others/invoice-generator
2026-08-27T17:07:07.044Z	├   └ /ko/calculators/others/invoice-generator
2026-08-27T17:07:07.044Z	├ ● /[locale]/calculators/others/ip-lookup                                       4.85 kB         133 kB
2026-08-27T17:07:07.044Z	├   ├ /en/calculators/others/ip-lookup
2026-08-27T17:07:07.044Z	├   └ /ko/calculators/others/ip-lookup
2026-08-27T17:07:07.044Z	├ ● /[locale]/calculators/others/random-email-generator                          4.55 kB         132 kB
2026-08-27T17:07:07.044Z	├   ├ /en/calculators/others/random-email-generator
2026-08-27T17:07:07.044Z	├   └ /ko/calculators/others/random-email-generator
2026-08-27T17:07:07.044Z	├ ● /[locale]/calculators/others/random-number-generator                         4.76 kB         142 kB
2026-08-27T17:07:07.044Z	├   ├ /en/calculators/others/random-number-generator
2026-08-27T17:07:07.044Z	├   └ /ko/calculators/others/random-number-generator
2026-08-27T17:07:07.044Z	├ ● /[locale]/calculators/others/random-string-generator                         4.72 kB         132 kB
2026-08-27T17:07:07.044Z	├   ├ /en/calculators/others/random-string-generator
2026-08-27T17:07:07.044Z	├   └ /ko/calculators/others/random-string-generator
2026-08-27T17:07:07.044Z	├ ● /[locale]/calculators/others/subnet-calculator                               3.04 kB         131 kB
2026-08-27T17:07:07.044Z	├   ├ /en/calculators/others/subnet-calculator
2026-08-27T17:07:07.044Z	├   └ /ko/calculators/others/subnet-calculator
2026-08-27T17:07:07.044Z	├ ● /[locale]/calculators/science                                                379 B           122 kB
2026-08-27T17:07:07.044Z	├   ├ /en/calculators/science
2026-08-27T17:07:07.044Z	├   └ /ko/calculators/science
2026-08-27T17:07:07.044Z	├ ● /[locale]/calculators/science/force-calculator                               8.8 kB          212 kB
2026-08-27T17:07:07.044Z	├   ├ /en/calculators/science/force-calculator
2026-08-27T17:07:07.044Z	├   └ /ko/calculators/science/force-calculator
2026-08-27T17:07:07.044Z	├ ● /[locale]/calculators/science/fraction-calculator                            3.75 kB         157 kB
2026-08-27T17:07:07.044Z	├   ├ /en/calculators/science/fraction-calculator
2026-08-27T17:07:07.044Z	├   └ /ko/calculators/science/fraction-calculator
2026-08-27T17:07:07.044Z	├ ● /[locale]/calculators/science/kinetic-energy-calculator                      8.01 kB         221 kB
2026-08-27T17:07:07.044Z	├   ├ /en/calculators/science/kinetic-energy-calculator
2026-08-27T17:07:07.044Z	├   └ /ko/calculators/science/kinetic-energy-calculator
2026-08-27T17:07:07.044Z	├ ● /[locale]/calculators/science/molarity-calculator                            10.3 kB         214 kB
2026-08-27T17:07:07.044Z	├   ├ /en/calculators/science/molarity-calculator
2026-08-27T17:07:07.044Z	├   └ /ko/calculators/science/molarity-calculator
2026-08-27T17:07:07.044Z	├ ● /[locale]/calculators/science/percentage-calculator                          4.05 kB         132 kB
2026-08-27T17:07:07.044Z	├   ├ /en/calculators/science/percentage-calculator
2026-08-27T17:07:07.044Z	├   └ /ko/calculators/science/percentage-calculator
2026-08-27T17:07:07.044Z	├ ● /[locale]/calculators/science/standard-deviation-calculator                  7.39 kB         211 kB
2026-08-27T17:07:07.045Z	├   ├ /en/calculators/science/standard-deviation-calculator
2026-08-27T17:07:07.045Z	├   └ /ko/calculators/science/standard-deviation-calculator
2026-08-27T17:07:07.045Z	├ ● /[locale]/calculators/science/torque-calculator                              9.08 kB         247 kB
2026-08-27T17:07:07.045Z	├   ├ /en/calculators/science/torque-calculator
2026-08-27T17:07:07.045Z	├   └ /ko/calculators/science/torque-calculator
2026-08-27T17:07:07.045Z	├ ● /[locale]/calculators/science/triangle-calculator                            4.3 kB          132 kB
2026-08-27T17:07:07.045Z	├   ├ /en/calculators/science/triangle-calculator
2026-08-27T17:07:07.045Z	├   └ /ko/calculators/science/triangle-calculator
2026-08-27T17:07:07.045Z	├ ● /[locale]/calculators/science/velocity-calculator                            10.1 kB         214 kB
2026-08-27T17:07:07.045Z	├   ├ /en/calculators/science/velocity-calculator
2026-08-27T17:07:07.045Z	├   └ /ko/calculators/science/velocity-calculator
2026-08-27T17:07:07.045Z	├ ● /[locale]/contact                                                            1.14 kB        88.6 kB
2026-08-27T17:07:07.045Z	├   ├ /en/contact
2026-08-27T17:07:07.045Z	├   └ /ko/contact
2026-08-27T17:07:07.045Z	├ ● /[locale]/guides/compound-interest-power                                     2.87 kB        97.2 kB
2026-08-27T17:07:07.046Z	├   ├ /en/guides/compound-interest-power
2026-08-27T17:07:07.046Z	├   └ /ko/guides/compound-interest-power
2026-08-27T17:07:07.046Z	├ ● /[locale]/guides/jeonse-vs-wolse                                             2.87 kB        97.2 kB
2026-08-27T17:07:07.046Z	├   ├ /en/guides/jeonse-vs-wolse
2026-08-27T17:07:07.046Z	├   └ /ko/guides/jeonse-vs-wolse
2026-08-27T17:07:07.046Z	├ ● /[locale]/guides/mortgage-repayment-types                                    2.87 kB        97.2 kB
2026-08-27T17:07:07.046Z	├   ├ /en/guides/mortgage-repayment-types
2026-08-27T17:07:07.046Z	├   └ /ko/guides/mortgage-repayment-types
2026-08-27T17:07:07.047Z	├ ● /[locale]/privacy-policy                                                     158 B          87.6 kB
2026-08-27T17:07:07.047Z	├   ├ /en/privacy-policy
2026-08-27T17:07:07.047Z	├   └ /ko/privacy-policy
2026-08-27T17:07:07.047Z	├ ● /[locale]/terms-of-service                                                   158 B          87.6 kB
2026-08-27T17:07:07.047Z	├   ├ /en/terms-of-service
2026-08-27T17:07:07.048Z	├   └ /ko/terms-of-service
2026-08-27T17:07:07.048Z	├ ƒ /api/calculations/affinity                                                   0 B                0 B
2026-08-27T17:07:07.048Z	├ ƒ /api/calculations/npsh                                                       0 B                0 B
2026-08-27T17:07:07.048Z	├ ƒ /api/calculations/tank                                                       0 B                0 B
2026-08-27T17:07:07.048Z	├ ○ /api/materials/corrosion                                                     0 B                0 B
2026-08-27T17:07:07.048Z	├ ○ /api/materials/properties                                                    0 B                0 B
2026-08-27T17:07:07.073Z	├ ○ /robots.txt                                                                  0 B                0 B
2026-08-27T17:07:07.074Z	├ ○ /settings                                                                    4.55 kB         100 kB
2026-08-27T17:07:07.074Z	└ ○ /sitemap.xml                                                                 0 B                0 B
2026-08-27T17:07:07.074Z	+ First Load JS shared by all                                                    87.5 kB
2026-08-27T17:07:07.074Z	  ├ chunks/7023-0b0d1aa8bff8a241.js                                              31.7 kB
2026-08-27T17:07:07.074Z	  ├ chunks/fd9d1056-cfdad63fd832a3da.js                                          53.6 kB
2026-08-27T17:07:07.074Z	  └ other shared chunks (total)                                                  2.17 kB
2026-08-27T17:07:07.074Z	
2026-08-27T17:07:07.074Z	
2026-08-27T17:07:07.074Z	ƒ Middleware                                                                     37.3 kB
2026-08-27T17:07:07.074Z	
2026-08-27T17:07:07.074Z	○  (Static)   prerendered as static content
2026-08-27T17:07:07.074Z	●  (SSG)      prerendered as static HTML (uses getStaticProps)
2026-08-27T17:07:07.074Z	ƒ  (Dynamic)  server-rendered on demand
2026-08-27T17:07:07.074Z	
2026-08-27T17:07:07.329Z	
2026-08-27T17:07:07.330Z	┌──────────────────────────────┐
2026-08-27T17:07:07.330Z	│ OpenNext — Generating bundle │
2026-08-27T17:07:07.330Z	└──────────────────────────────┘
2026-08-27T17:07:07.330Z	
2026-08-27T17:07:08.557Z	Bundling middleware function...
2026-08-27T17:07:08.741Z	Bundling static assets...
2026-08-27T17:07:08.827Z	Bundling cache assets...
2026-08-27T17:07:13.326Z	Building server function: default...
2026-08-27T17:07:18.724Z	Applying code patches: 4.708s
2026-08-27T17:07:20.594Z	# copyPackageTemplateFiles
2026-08-27T17:07:20.628Z	⚙️ Bundling the OpenNext server...
2026-08-27T17:07:20.629Z	
2026-08-27T17:07:25.678Z	Worker saved in `.open-next/worker.js` 🚀
2026-08-27T17:07:25.679Z	
2026-08-27T17:07:25.683Z	OpenNext build complete.
2026-08-27T17:07:26.042Z	Success: Build command completed
2026-08-27T17:07:26.435Z	Executing user deploy command: npx @opennextjs/cloudflare deploy
2026-08-27T17:07:36.989Z	
2026-08-27T17:07:36.990Z	┌──────────────────────────────┐
2026-08-27T17:07:36.990Z	│ OpenNext — Cloudflare deploy │
2026-08-27T17:07:36.990Z	└──────────────────────────────┘
2026-08-27T17:07:36.990Z	
2026-08-27T17:07:37.757Z	Incremental cache does not need populating
2026-08-27T17:07:37.758Z	Tag cache does not need populating
2026-08-27T17:07:40.460Z	
2026-08-27T17:07:40.461Z	 ⛅️ wrangler 4.127.0
2026-08-27T17:07:40.461Z	────────────────────
2026-08-27T17:07:40.530Z	OpenNext project detected, calling `opennextjs-cloudflare deploy`
2026-08-27T17:07:50.597Z	
2026-08-27T17:07:50.598Z	┌──────────────────────────────┐
2026-08-27T17:07:50.598Z	│ OpenNext — Cloudflare deploy │
2026-08-27T17:07:50.598Z	└──────────────────────────────┘
2026-08-27T17:07:50.598Z	
2026-08-27T17:07:51.541Z	Incremental cache does not need populating
2026-08-27T17:07:51.543Z	Tag cache does not need populating
2026-08-27T17:07:54.933Z	
2026-08-27T17:07:54.933Z	 ⛅️ wrangler 4.127.0
2026-08-27T17:07:54.933Z	────────────────────
2026-08-27T17:07:54.951Z	
2026-08-27T17:07:54.951Z	Cloudflare collects anonymous telemetry about your usage of Wrangler. Learn more at https://github.com/cloudflare/workers-sdk/tree/main/packages/wrangler/telemetry.md
2026-08-27T17:08:01.955Z	▲ [WARNING] The local configuration being used (generated from your local configuration file) differs from the remote configuration of your Worker set via the Cloudflare Dashboard:
2026-08-27T17:08:01.955Z	
2026-08-27T17:08:01.955Z	   {
2026-08-27T17:08:01.955Z	  +  assets: {
2026-08-27T17:08:01.955Z	  +    binding: "ASSETS"
2026-08-27T17:08:01.955Z	  +  }
2026-08-27T17:08:01.955Z	  -  compatibility_date: "2026-08-27"
2026-08-27T17:08:01.955Z	  +  compatibility_date: "2024-11-01"
2026-08-27T17:08:01.955Z	  -  workers_dev: false
2026-08-27T17:08:01.955Z	  +  workers_dev: true
2026-08-27T17:08:01.955Z	  -  preview_urls: false
2026-08-27T17:08:01.955Z	  +  preview_urls: true
2026-08-27T17:08:01.955Z	     vars: {
2026-08-27T17:08:01.955Z	  -    NEXT_PUBLIC_ADSENSE_CLIENT: "ca-pub-7279511347629270"
2026-08-27T17:08:01.955Z	  -    NEXT_PUBLIC_SITE_URL: "https://seriescalc.com"
2026-08-27T17:08:01.956Z	     }
2026-08-27T17:08:01.956Z	   }
2026-08-27T17:08:01.956Z	  
2026-08-27T17:08:01.956Z	  
2026-08-27T17:08:01.956Z	  Uploading the Worker will override the remote configuration with your local one.
2026-08-27T17:08:01.956Z	
2026-08-27T17:08:01.956Z	
2026-08-27T17:08:02.112Z	🌀 Building list of assets...
2026-08-27T17:08:02.180Z	✨ Read 603 files from the assets directory /opt/buildhome/repo/.open-next/assets
2026-08-27T17:08:02.626Z	🌀 Starting asset upload...
2026-08-27T17:08:04.544Z	🌀 Found 392 new or modified static assets to upload. Proceeding with upload...
2026-08-27T17:08:04.544Z	+ /BUILD_ID
2026-08-27T17:08:04.544Z	+ /_next/static/chunks/app/[locale]/about/page-a1594113fa2bfef1.js
2026-08-27T17:08:04.544Z	+ /_next/static/chunks/app/[locale]/terms-of-service/page-f282346b14513c5b.js
2026-08-27T17:08:04.544Z	+ /_next/static/chunks/pages/_error-c66a4e8afc46f17b.js
2026-08-27T17:08:04.544Z	+ /file.svg
2026-08-27T17:08:04.545Z	+ /_next/static/chunks/app/[locale]/layout-c7e4c4fdbc89f04b.js
2026-08-27T17:08:04.545Z	+ /_next/static/chunks/app/[locale]/calculators/others/page-0ccc3bbce6a73af0.js
2026-08-27T17:08:04.545Z	+ /_next/static/chunks/app/[locale]/calculators/conversion/page-567e0883dd6f78d3.js
2026-08-27T17:08:04.545Z	+ /globe.svg
2026-08-27T17:08:04.545Z	+ /icons/1f4c8.svg
2026-08-27T17:08:04.545Z	+ /_next/static/chunks/4241-563cbdffc2f1dc5a.js
2026-08-27T17:08:04.545Z	+ /_next/static/chunks/app/[locale]/calculators/ai-tools/base64-decoder/page-87dc71a7e4d2437a.js
2026-08-27T17:08:04.545Z	+ /_next/static/chunks/app/[locale]/calculators/life/qr-generator/page-78fb0df396023779.js
2026-08-27T17:08:04.545Z	+ /_next/static/chunks/app/[locale]/calculators/conversion/speed-converter/page-b772928d7d7c864a.js
2026-08-27T17:08:04.545Z	+ /_next/static/chunks/app/[locale]/calculators/conversion/energy-converter/page-dd9d107467a8099c.js
2026-08-27T17:08:04.545Z	+ /_next/static/chunks/app/[locale]/calculators/life/virtual-dice/page-ce1318959d42d79d.js
2026-08-27T17:08:04.545Z	+ /_next/static/chunks/8330-eb905ac196899e01.js
2026-08-27T17:08:04.545Z	+ /_next/static/chunks/app/[locale]/calculators/life/text-difference/page-f70676788b408784.js
2026-08-27T17:08:04.545Z	+ /_next/static/chunks/app/[locale]/not-found-611896074f2ce52f.js
2026-08-27T17:08:04.545Z	+ /_next/static/chunks/app/[locale]/calculators/life/countdown-timer/page-e79af8d4dc732d6e.js
2026-08-27T17:08:04.546Z	+ /_next/static/media/KaTeX_Size2-Regular.5916a24f.woff2
2026-08-27T17:08:04.546Z	+ /_next/static/chunks/app/[locale]/calculators/life/discount-calculator/page-55b595b19c1a4805.js
2026-08-27T17:08:04.546Z	+ /_next/static/chunks/app/[locale]/calculators/ai-tools/yaml-generator/page-9a70d059d646bc0b.js
2026-08-27T17:08:04.546Z	+ /_next/static/chunks/app/[locale]/calculators/ai-tools/image-resizer/page-efa1a10adb7e4d6e.js
2026-08-27T17:08:04.546Z	+ /_next/static/media/KaTeX_Size4-Regular.7a996c9d.woff
2026-08-27T17:08:04.546Z	+ /_next/static/chunks/app/[locale]/calculators/ai-tools/lorem-ipsum-generator/page-eccdfc87de7c85a9.js
2026-08-27T17:08:04.546Z	+ /_next/static/media/KaTeX_Size2-Regular.57727022.woff
2026-08-27T17:08:04.546Z	+ /_next/static/media/KaTeX_Size1-Regular.e1e279cb.woff
2026-08-27T17:08:04.547Z	+ /tank type/horizontal-capsule-tank-volume.webp
2026-08-27T17:08:04.547Z	+ /_next/static/media/KaTeX_Caligraphic-Regular.55fac258.woff2
2026-08-27T17:08:04.548Z	+ /_next/static/chunks/app/[locale]/calculators/life/holiday-calendar/page-88a975998fc64ebb.js
2026-08-27T17:08:04.548Z	+ /_next/static/chunks/app/[locale]/guides/mortgage-repayment-types/page-18f3bc57e31ede24.js
2026-08-27T17:08:04.548Z	+ /npsh type/npsh_above pump.webp
2026-08-27T17:08:04.548Z	+ /_next/static/chunks/9348-fe001f52245fc09b.js
2026-08-27T17:08:04.548Z	+ /_next/static/media/KaTeX_Caligraphic-Regular.dad44a7f.woff
2026-08-27T17:08:04.548Z	+ /_next/static/chunks/app/[locale]/calculators/life/moving-cost-calculator/page-96b0db28e1d1df33.js
2026-08-27T17:08:04.548Z	+ /tank type/frustum-tank-volume.webp
2026-08-27T17:08:04.548Z	+ /_next/static/chunks/4311-949e7707f62d22f8.js
2026-08-27T17:08:04.548Z	+ /_next/static/chunks/app/[locale]/calculators/finance/stock-compound-interest/page-e9053f767bb501db.js
2026-08-27T17:08:04.548Z	+ /_next/static/chunks/app/[locale]/calculators/ai-tools/text-summarizer/page-f16a9071e8880bd8.js
2026-08-27T17:08:04.549Z	+ /_next/static/chunks/app/[locale]/calculators/finance/acquisition-tax/page-2386a85b27ce6f98.js
2026-08-27T17:08:04.549Z	+ /_next/static/chunks/1011-400062d1084307ee.js
2026-08-27T17:08:04.549Z	+ /_next/static/chunks/2751-633e316f91918509.js
2026-08-27T17:08:04.549Z	+ /_next/static/chunks/3691-71e5c9f9ca461a11.js
2026-08-27T17:08:04.549Z	+ /_next/static/chunks/4379-39baca20037810d8.js
2026-08-27T17:08:04.549Z	+ /_next/static/chunks/4648-fa9172f9a869a594.js
2026-08-27T17:08:04.549Z	+ /_next/static/chunks/4994-33ff6c6519d72cb0.js
2026-08-27T17:08:04.549Z	+ /_next/static/chunks/5726-ece7458673086e4c.js
2026-08-27T17:08:04.549Z	+ /_next/static/chunks/5897-9fef8320093119c8.js
2026-08-27T17:08:04.550Z	+ /_next/static/chunks/6513-19e670dc719ae56f.js
2026-08-27T17:08:04.550Z	+ /_next/static/chunks/6839-ad133634d63784a4.js
2026-08-27T17:08:04.550Z	+ /_next/static/chunks/7244-cfa683c9077567e1.js
2026-08-27T17:08:04.550Z	+ /_next/static/chunks/7808-66ee8f544b3c649d.js
2026-08-27T17:08:04.550Z	+ /_next/static/chunks/8131-dcb0e55be296c700.js
2026-08-27T17:08:04.550Z	+ /_next/static/chunks/8487-4b8d86a3b00fd626.js
2026-08-27T17:08:04.550Z	+ /_next/static/chunks/9483-b5aeb9be93c7e4bf.js
2026-08-27T17:08:04.550Z	+ /tank type/vertical-elliptical-tank-volume.webp
2026-08-27T17:08:04.550Z	+ /_next/static/media/KaTeX_Size4-Regular.fbccdabe.ttf
2026-08-27T17:08:04.550Z	+ /_next/static/media/KaTeX_Script-Regular.07505710.woff
2026-08-27T17:08:04.550Z	+ /_next/static/chunks/app/[locale]/calculators/conversion/korean-clothing-size-converter/page-f9f2fa55345ccce0.js
2026-08-27T17:08:04.550Z	+ /_next/static/chunks/app/[locale]/calculators/finance/property-tax-calculator/page-3ff31af83484ab5d.js
2026-08-27T17:08:04.551Z	+ /_next/static/chunks/app/[locale]/calculators/finance/net-salary-calculator/page-d8610ab98c10c617.js
2026-08-27T17:08:04.551Z	+ /_next/static/chunks/app/[locale]/calculators/life/time-calculator/page-017ef95aeb7fdb21.js
2026-08-27T17:08:04.551Z	+ /_next/static/media/KaTeX_Fraktur-Bold.d42a5579.woff2
2026-08-27T17:08:04.551Z	+ /_next/static/chunks/app/[locale]/calculators/finance/compound-interest/page-96a37a2a0051eff0.js
2026-08-27T17:08:04.551Z	+ /_next/static/chunks/app/[locale]/calculators/ai-tools/code-explainer/page-995430d1a2049565.js
2026-08-27T17:08:04.551Z	+ /_next/static/media/KaTeX_SansSerif-Bold.8c5b5494.woff2
2026-08-27T17:08:04.551Z	+ /_next/static/media/KaTeX_Caligraphic-Regular.07ef19e7.ttf
2026-08-27T17:08:04.551Z	+ /_next/static/chunks/app/[locale]/calculators/science/triangle-calculator/page-6b8f6ee8586070dd.js
2026-08-27T17:08:04.551Z	+ /_next/static/media/KaTeX_Fraktur-Regular.7c187121.woff
2026-08-27T17:08:04.552Z	+ /_next/static/chunks/app/[locale]/calculators/game/dps-calculator/page-4daee7784e49930b.js
2026-08-27T17:08:04.552Z	+ /_next/static/chunks/6648-a2182d81768431be.js
2026-08-27T17:08:04.552Z	+ /_next/static/chunks/4424-9f1df9c622b67207.js
2026-08-27T17:08:04.552Z	+ /_next/static/chunks/309-2765cd2ba36ba875.js
2026-08-27T17:08:04.552Z	+ /_next/static/chunks/app/[locale]/calculators/finance/loan-interest/page-c1c827ad96d07602.js
2026-08-27T17:08:04.552Z	+ /_next/static/chunks/app/[locale]/calculators/conversion/weight-converter/page-6333ff854f8df7e6.js
2026-08-27T17:08:04.552Z	+ /_next/static/chunks/app/[locale]/calculators/others/random-number-generator/page-9e1fc0a37a7f4c0d.js
2026-08-27T17:08:04.552Z	+ /_next/static/chunks/app/[locale]/calculators/engineering/water-density/page-bc6e83220564bbab.js
2026-08-27T17:08:04.552Z	+ /_next/static/chunks/4974-69db7d84ee5c4dbe.js
2026-08-27T17:08:04.553Z	+ /_next/static/chunks/app/[locale]/calculators/others/internet-speed-test/page-30c1eb95ce0a6166.js
2026-08-27T17:08:04.553Z	+ /_next/static/media/KaTeX_Script-Regular.fe9cbbe1.ttf
2026-08-27T17:08:04.553Z	+ /_next/static/chunks/app/[locale]/calculators/engineering/pipe-sizing/page-96b42e4b5c2ede8d.js
2026-08-27T17:08:04.553Z	+ /_next/static/chunks/app/[locale]/calculators/finance/mortgage-calculator/page-372ff7d810f8abb5.js
2026-08-27T17:08:04.553Z	+ /_next/static/chunks/app/[locale]/calculators/finance/cagr/page-ad1563d641af9614.js
2026-08-27T17:08:04.553Z	+ /_next/static/chunks/app/[locale]/calculators/finance/early-repayment-fee/page-7604b0c5bc5f6d76.js
2026-08-27T17:08:04.554Z	+ /_next/static/chunks/app/[locale]/calculators/engineering/iso-2533-atmosphere/page-6aa8a593277cd915.js
2026-08-27T17:08:04.554Z	+ /_next/static/media/KaTeX_Math-BoldItalic.f1035d8d.woff
2026-08-27T17:08:04.554Z	+ /_next/static/media/KaTeX_Math-Italic.5295ba48.woff
2026-08-27T17:08:04.555Z	+ /_next/static/chunks/app/[locale]/calculators/engineering/hydraulic-jump/page-9a2f5fc92179131d.js
2026-08-27T17:08:04.555Z	+ /_next/static/chunks/app/[locale]/calculators/engineering/cooling-tower/page-fa669d1d8f61254a.js
2026-08-27T17:08:04.555Z	+ /_next/static/chunks/app/[locale]/calculators/engineering/carnot-efficiency/page-b6be17740b371a32.js
2026-08-27T17:08:04.555Z	+ /_next/static/chunks/app/[locale]/calculators/engineering/water-hammer/page-914c59b8ad372496.js
2026-08-27T17:08:04.556Z	+ /_next/static/chunks/app/[locale]/calculators/engineering/ac-power/page-9bb240b6ee791a4c.js
2026-08-27T17:08:04.556Z	+ /_next/static/chunks/app/[locale]/calculators/engineering/bearing-life/page-39577919b946fe74.js
2026-08-27T17:08:04.556Z	+ /_next/static/chunks/app/[locale]/calculators/engineering/tube-pressure-drop/page-e0a24a374aad9851.js
2026-08-27T17:08:04.556Z	+ /_next/static/chunks/app/[locale]/calculators/engineering/pipe-friction/page-d657f9542ca9a73a.js
2026-08-27T17:08:04.556Z	+ /_next/static/chunks/app/[locale]/calculators/engineering/asme-section-viii/page-afe628a21fda3c0d.js
2026-08-27T17:08:04.557Z	+ /_next/static/chunks/app/[locale]/calculators/others/invoice-generator/page-78542320685af9f4.js
2026-08-27T17:08:04.557Z	+ /_next/static/chunks/app/[locale]/calculators/engineering/sensible-heat/page-3b7a0db9f0adaf1d.js
2026-08-27T17:08:04.557Z	+ /_next/static/chunks/app/[locale]/calculators/finance/free-installment-savings/page-7bc4c4b5af6e6ca5.js
2026-08-27T17:08:04.557Z	   (truncating changed assets log, set `WRANGLER_LOG=debug` environment variable to see full diff)
2026-08-27T17:08:08.044Z	Uploaded 130 of 392 assets
2026-08-27T17:08:08.550Z	Uploaded 261 of 392 assets
2026-08-27T17:08:12.265Z	Uploaded 392 of 392 assets
2026-08-27T17:08:12.268Z	✨ Success! Uploaded 392 files (2 already uploaded) (7.71 sec)
2026-08-27T17:08:12.268Z	
2026-08-27T17:08:13.679Z	Total Upload: 35483.11 KiB / gzip: 4961.69 KiB
2026-08-27T17:08:23.656Z	Worker Startup Time: 44 ms
2026-08-27T17:08:23.659Z	Your Worker has access to the following bindings:
2026-08-27T17:08:23.659Z	Binding            Resource      
2026-08-27T17:08:23.659Z	env.ASSETS         Assets        
2026-08-27T17:08:23.659Z	
2026-08-27T17:08:23.659Z	Uploaded seriescalc (21.70 sec)
2026-08-27T17:08:24.473Z	▲ [WARNING] Because 'workers_dev' is not in your Wrangler file, it will be enabled for this deployment by default.
2026-08-27T17:08:24.474Z	
2026-08-27T17:08:24.475Z	  To override this setting, you can disable workers.dev by explicitly setting 'workers_dev = false' in your Wrangler file.
2026-08-27T17:08:24.475Z	
2026-08-27T17:08:24.475Z	
2026-08-27T17:08:24.478Z	▲ [WARNING] Because your 'workers.dev' route is enabled and your 'preview_urls' setting is not in your Wrangler file, Preview URLs will be enabled for this deployment by default.
2026-08-27T17:08:24.478Z	
2026-08-27T17:08:24.478Z	  To override this setting, you can disable Preview URLs by explicitly setting 'preview_urls = false' in your Wrangler file.
2026-08-27T17:08:24.478Z	
2026-08-27T17:08:24.478Z	
2026-08-27T17:08:24.479Z	Deployed seriescalc triggers (0.82 sec)
2026-08-27T17:08:24.479Z	  https://seriescalc.seriessnap-co.workers.dev
2026-08-27T17:08:24.479Z	Current Version ID: 0c6f8932-228b-469c-8eec-0891cda4a6cd
2026-08-27T17:08:24.668Z	(node:2161) [DEP0190] DeprecationWarning: Passing args to a child process with shell option true can lead to security vulnerabilities, as the arguments are not escaped, only concatenated.
2026-08-27T17:08:24.668Z	(Use `node --trace-deprecation ...` to show where the warning was created)
2026-08-27T17:08:24.916Z	(node:1778) [DEP0190] DeprecationWarning: Passing args to a child process with shell option true can lead to security vulnerabilities, as the arguments are not escaped, only concatenated.
2026-08-27T17:08:24.916Z	(Use `node --trace-deprecation ...` to show where the warning was created)
2026-08-27T17:08:25.049Z	Success: Deploy command completed
2026-08-27T17:08:25.052Z	Uploading to dependency cache
2026-08-27T17:08:25.070Z	Uploading to build output cache
2026-08-27T17:08:36.273Z	Success: Build output uploaded to build cache.
2026-08-27T17:08:52.008Z	Success: Dependencies uploaded to build cache.
2026-08-27T17:08:52.200Z	✨ Success! Build completed.